getpwuid_r did not find a match for uid 501
Filtering the log data using "process == "Streamarr" AND (category == "Orientation" OR composedMessage CONTAINS "[orient]")"
Timestamp               Ty Process[PID:TID]
2026-10-07 04:22:40.041 Df Streamarr[63202:105c5ef] [com.apple.UIKit:Orientation] <UIWindowScene: 0x113d04500> (09862E33-E39C-4518-90FF-C2208DF2D40E) Scene updated orientation preferences: ( Pu Ll Lr ) -> ( Ll Lr )
2026-10-07 04:22:40.107 E  Streamarr[63202:105c5ef] [com.apple.UIKit:Orientation] BUG IN CLIENT OF UIKIT: Setting UIDevice.orientation is not supported. Please use UIWindowScene.requestGeometryUpdate(_:)
2026-10-07 04:22:40.149 Df Streamarr[63202:105c5ef] [com.apple.UIKit:Orientation] <UIWindowScene: 0x113d04500> (09862E33-E39C-4518-90FF-C2208DF2D40E) Scene updated orientation preferences: ( Ll Lr ) -> ( Pu )
2026-10-07 04:22:45.687 Df Streamarr[63202:105c5ef] [com.apple.UIKit:Orientation] <UIWindowScene: 0x113d04500> (09862E33-E39C-4518-90FF-C2208DF2D40E) Scene updated orientation preferences: ( Pu ) -> ( Ll Lr )
2026-10-07 04:22:45.797 Df Streamarr[63202:105c5ef] [com.apple.UIKit:Orientation] <UIWindowScene: 0x113d04500> (09862E33-E39C-4518-90FF-C2208DF2D40E) Scene will change interface orientation: landscapeRight (3)
2026-10-07 04:22:49.274 Df Streamarr[63202:105c5ef] [com.apple.UIKit:Orientation] <_UIKeyboardInputScene: 0x11b50d180> (KeyboardInputScene-com.apple.frontboard.systemappservices/FBSceneManager:sceneID%3Adev.streamarr.app-default) Scene will change interface orientation: landscapeRight (3)
2026-10-07 04:23:05.086 Df Streamarr[63202:105c5ef] [com.apple.UIKit:Orientation] <UIWindowScene: 0x113d04500> (09862E33-E39C-4518-90FF-C2208DF2D40E) Scene updated orientation preferences: ( Ll Lr ) -> ( Pu )
2026-10-07 04:23:05.107 E  Streamarr[63202:105c5ef] [com.apple.UIKit:Orientation] BUG IN CLIENT OF UIKIT: Setting UIDevice.orientation is not supported. Please use UIWindowScene.requestGeometryUpdate(_:)
2026-10-07 04:23:05.454 Df Streamarr[63202:105c5ef] [com.apple.UIKit:Orientation] <_UIKeyboardInputScene: 0x11b50d180> (KeyboardInputScene-com.apple.frontboard.systemappservices/FBSceneManager:sceneID%3Adev.streamarr.app-default) Scene will change interface orientation: portrait (1)
2026-10-07 04:23:05.877 Df Streamarr[63202:105c5ef] [com.apple.UIKit:Orientation] <UIWindowScene: 0x113d04500> (09862E33-E39C-4518-90FF-C2208DF2D40E) Scene will change interface orientation: portrait (1)
2026-10-07 04:23:09.024 Df Streamarr[63202:105c5ef] [com.apple.UIKit:Orientation] <UIWindowScene: 0x113d04500> (09862E33-E39C-4518-90FF-C2208DF2D40E) Scene updated orientation preferences: ( Pu ) -> ( Pu Ll Lr )
2026-10-07 04:23:09.029 E  Streamarr[63202:105c5ef] [com.apple.UIKit:Orientation] BUG IN CLIENT OF UIKIT: Setting UIDevice.orientation is not supported. Please use UIWindowScene.requestGeometryUpdate(_:)
2026-10-07 04:23:09.479 Df Streamarr[63202:105c5ef] [com.apple.UIKit:Orientation] <UIWindowScene: 0x113d04500> (09862E33-E39C-4518-90FF-C2208DF2D40E) Scene updated orientation preferences: ( Pu Ll Lr ) -> ( Pu )
2026-10-07 04:23:09.554 Df Streamarr[63202:105c5ef] [com.apple.UIKit:Orientation] <_UIKeyboardInputScene: 0x11b50d180> (KeyboardInputScene-com.apple.frontboard.systemappservices/FBSceneManager:sceneID%3Adev.streamarr.app-default) Scene will change interface orientation: landscapeRight (3)
2026-10-07 04:23:10.649 Df Streamarr[63202:105c5ef] [com.apple.UIKit:Orientation] <_UIKeyboardInputScene: 0x11b50d180> (KeyboardInputScene-com.apple.frontboard.systemappservices/FBSceneManager:sceneID%3Adev.streamarr.app-default) Scene will change interface orientation: portrait (1)
2026-10-07 04:23:11.098 Df Streamarr[63202:105c5ef] [com.apple.UIKit:Orientation] <UIWindowScene: 0x113d04500> (09862E33-E39C-4518-90FF-C2208DF2D40E) Scene updated orientation preferences: ( Pu ) -> ( Pu Ll Lr )
2026-10-07 04:23:11.208 Df Streamarr[63202:105c5ef] [com.apple.UIKit:Orientation] <_UIKeyboardInputScene: 0x11b50d180> (KeyboardInputScene-com.apple.frontboard.systemappservices/FBSceneManager:sceneID%3Adev.streamarr.app-default) Scene will change interface orientation: landscapeRight (3)
2026-10-07 04:23:11.355 Df Streamarr[63202:105c5ef] [com.apple.UIKit:Orientation] <UIWindowScene: 0x113d04500> (09862E33-E39C-4518-90FF-C2208DF2D40E) Scene will change interface orientation: landscapeRight (3)
