getpwuid_r did not find a match for uid 501
Filtering the log data using "process == "Streamarr" AND category == "Orientation""
Timestamp               Ty Process[PID:TID]
2026-10-07 04:32:49.401 Df Streamarr[80148:106a8a3] [com.apple.UIKit:Orientation] <UIWindowScene: 0x11611a080> (09862E33-E39C-4518-90FF-C2208DF2D40E) Scene updated orientation preferences: ( Pu Ll Lr ) -> ( Ll Lr )
2026-10-07 04:32:49.403 E  Streamarr[80148:106a8a3] [com.apple.UIKit:Orientation] BUG IN CLIENT OF UIKIT: Setting UIDevice.orientation is not supported. Please use UIWindowScene.requestGeometryUpdate(_:)
2026-10-07 04:32:49.419 Df Streamarr[80148:106a8a3] [com.apple.UIKit:Orientation] <_UIKeyboardInputScene: 0x116959b80> (KeyboardInputScene-com.apple.frontboard.systemappservices/FBSceneManager:sceneID%3Adev.streamarr.app-default) Scene will change interface orientation: landscapeRight (3)
2026-10-07 04:32:49.426 Df Streamarr[80148:106a8a3] [com.apple.UIKit:Orientation] <UIWindowScene: 0x11611a080> (09862E33-E39C-4518-90FF-C2208DF2D40E) Scene will change interface orientation: landscapeRight (3)
2026-10-07 04:32:49.557 Df Streamarr[80148:106a8a3] [com.apple.UIKit:Orientation] <UIWindowScene: 0x11611a080> (09862E33-E39C-4518-90FF-C2208DF2D40E) Scene updated orientation preferences: ( Ll Lr ) -> ( Lr )
2026-10-07 04:32:50.273 Df Streamarr[80148:106a8a3] [com.apple.UIKit:Orientation] <UIWindowScene: 0x11611a080> (09862E33-E39C-4518-90FF-C2208DF2D40E) Scene updated orientation preferences: ( Lr ) -> ( Ll Lr )
2026-10-07 04:33:17.906 Df Streamarr[80148:106a8a3] [com.apple.UIKit:Orientation] <UIWindowScene: 0x11611a080> (09862E33-E39C-4518-90FF-C2208DF2D40E) Scene updated orientation preferences: ( Ll Lr ) -> ( Pu )
2026-10-07 04:33:17.906 E  Streamarr[80148:106a8a3] [com.apple.UIKit:Orientation] BUG IN CLIENT OF UIKIT: Setting UIDevice.orientation is not supported. Please use UIWindowScene.requestGeometryUpdate(_:)
2026-10-07 04:33:17.945 Df Streamarr[80148:106a8a3] [com.apple.UIKit:Orientation] <_UIKeyboardInputScene: 0x116959b80> (KeyboardInputScene-com.apple.frontboard.systemappservices/FBSceneManager:sceneID%3Adev.streamarr.app-default) Scene will change interface orientation: portrait (1)
2026-10-07 04:33:17.956 Df Streamarr[80148:106a8a3] [com.apple.UIKit:Orientation] <UIWindowScene: 0x11611a080> (09862E33-E39C-4518-90FF-C2208DF2D40E) Scene will change interface orientation: portrait (1)
2026-10-07 04:33:19.503 Df Streamarr[80148:106a8a3] [com.apple.UIKit:Orientation] <UIWindowScene: 0x11611a080> (09862E33-E39C-4518-90FF-C2208DF2D40E) Scene updated orientation preferences: ( Pu ) -> ( Pu Ll Lr )
2026-10-07 04:33:19.503 E  Streamarr[80148:106a8a3] [com.apple.UIKit:Orientation] BUG IN CLIENT OF UIKIT: Setting UIDevice.orientation is not supported. Please use UIWindowScene.requestGeometryUpdate(_:)
2026-10-07 04:33:19.508 Df Streamarr[80148:106a8a3] [com.apple.UIKit:Orientation] <_UIKeyboardInputScene: 0x116959b80> (KeyboardInputScene-com.apple.frontboard.systemappservices/FBSceneManager:sceneID%3Adev.streamarr.app-default) Scene will change interface orientation: landscapeRight (3)
2026-10-07 04:33:19.528 Df Streamarr[80148:106a8a3] [com.apple.UIKit:Orientation] <UIWindowScene: 0x11611a080> (09862E33-E39C-4518-90FF-C2208DF2D40E) Scene will change interface orientation: landscapeRight (3)
2026-10-07 04:33:19.779 Df Streamarr[80148:106a8a3] [com.apple.UIKit:Orientation] <_UIKeyboardInputScene: 0x116959b80> (KeyboardInputScene-com.apple.frontboard.systemappservices/FBSceneManager:sceneID%3Adev.streamarr.app-default) Scene will change interface orientation: portrait (1)
2026-10-07 04:33:20.094 Df Streamarr[80148:106a8a3] [com.apple.UIKit:Orientation] <UIWindowScene: 0x11611a080> (09862E33-E39C-4518-90FF-C2208DF2D40E) Scene will change interface orientation: portrait (1)
2026-10-07 04:33:35.360 Df Streamarr[80148:106a8a3] [com.apple.UIKit:Orientation] <UIWindowScene: 0x11611a080> (09862E33-E39C-4518-90FF-C2208DF2D40E) Scene updated orientation preferences: ( Pu Ll Lr ) -> ( Ll Lr )
2026-10-07 04:33:35.360 E  Streamarr[80148:106a8a3] [com.apple.UIKit:Orientation] BUG IN CLIENT OF UIKIT: Setting UIDevice.orientation is not supported. Please use UIWindowScene.requestGeometryUpdate(_:)
2026-10-07 04:33:35.381 Df Streamarr[80148:106a8a3] [com.apple.UIKit:Orientation] <UIWindowScene: 0x11611a080> (09862E33-E39C-4518-90FF-C2208DF2D40E) Scene updated orientation preferences: ( Ll Lr ) -> ( Pu )
2026-10-07 04:33:35.473 Df Streamarr[80148:106a8a3] [com.apple.UIKit:Orientation] <UIWindowScene: 0x11611a080> (09862E33-E39C-4518-90FF-C2208DF2D40E) Scene will change interface orientation: landscapeRight (3)
2026-10-07 04:33:35.870 Df Streamarr[80148:106a8a3] [com.apple.UIKit:Orientation] <UIWindowScene: 0x11611a080> (09862E33-E39C-4518-90FF-C2208DF2D40E) Scene will change interface orientation: portrait (1)
2026-10-07 04:33:36.036 Df Streamarr[80148:106a8a3] [com.apple.UIKit:Orientation] <UIWindowScene: 0x11611a080> (09862E33-E39C-4518-90FF-C2208DF2D40E) Scene updated orientation preferences: ( Pu ) -> ( Ll Lr )
2026-10-07 04:33:36.048 Df Streamarr[80148:106a8a3] [com.apple.UIKit:Orientation] <_UIKeyboardInputScene: 0x116959b80> (KeyboardInputScene-com.apple.frontboard.systemappservices/FBSceneManager:sceneID%3Adev.streamarr.app-default) Scene will change interface orientation: landscapeRight (3)
2026-10-07 04:33:36.233 Df Streamarr[80148:106a8a3] [com.apple.UIKit:Orientation] <UIWindowScene: 0x11611a080> (09862E33-E39C-4518-90FF-C2208DF2D40E) Scene will change interface orientation: landscapeRight (3)
2026-10-07 04:34:05.632 Df Streamarr[80148:106a8a3] [com.apple.UIKit:Orientation] <UIWindowScene: 0x11611a080> (09862E33-E39C-4518-90FF-C2208DF2D40E) Scene updated orientation preferences: ( Ll Lr ) -> ( Pu )
2026-10-07 04:34:05.632 E  Streamarr[80148:106a8a3] [com.apple.UIKit:Orientation] BUG IN CLIENT OF UIKIT: Setting UIDevice.orientation is not supported. Please use UIWindowScene.requestGeometryUpdate(_:)
2026-10-07 04:34:05.659 Df Streamarr[80148:106a8a3] [com.apple.UIKit:Orientation] <_UIKeyboardInputScene: 0x116959b80> (KeyboardInputScene-com.apple.frontboard.systemappservices/FBSceneManager:sceneID%3Adev.streamarr.app-default) Scene will change interface orientation: portrait (1)
2026-10-07 04:34:05.661 Df Streamarr[80148:106a8a3] [com.apple.UIKit:Orientation] <UIWindowScene: 0x11611a080> (09862E33-E39C-4518-90FF-C2208DF2D40E) Scene will change interface orientation: portrait (1)
2026-10-07 04:34:09.318 Df Streamarr[80148:106a8a3] [com.apple.UIKit:Orientation] <UIWindowScene: 0x11611a080> (09862E33-E39C-4518-90FF-C2208DF2D40E) Scene updated orientation preferences: ( Pu ) -> ( Pu Ll Lr )
2026-10-07 04:34:09.319 E  Streamarr[80148:106a8a3] [com.apple.UIKit:Orientation] BUG IN CLIENT OF UIKIT: Setting UIDevice.orientation is not supported. Please use UIWindowScene.requestGeometryUpdate(_:)
2026-10-07 04:34:09.326 Df Streamarr[80148:106a8a3] [com.apple.UIKit:Orientation] <_UIKeyboardInputScene: 0x116959b80> (KeyboardInputScene-com.apple.frontboard.systemappservices/FBSceneManager:sceneID%3Adev.streamarr.app-default) Scene will change interface orientation: landscapeRight (3)
2026-10-07 04:34:09.351 Df Streamarr[80148:106a8a3] [com.apple.UIKit:Orientation] <UIWindowScene: 0x11611a080> (09862E33-E39C-4518-90FF-C2208DF2D40E) Scene will change interface orientation: landscapeRight (3)
2026-10-07 04:34:09.817 Df Streamarr[80148:106a8a3] [com.apple.UIKit:Orientation] <_UIKeyboardInputScene: 0x116959b80> (KeyboardInputScene-com.apple.frontboard.systemappservices/FBSceneManager:sceneID%3Adev.streamarr.app-default) Scene will change interface orientation: portrait (1)
2026-10-07 04:34:10.222 Df Streamarr[80148:106a8a3] [com.apple.UIKit:Orientation] <UIWindowScene: 0x11611a080> (09862E33-E39C-4518-90FF-C2208DF2D40E) Scene will change interface orientation: portrait (1)
2026-10-07 04:34:22.445 Df Streamarr[80148:106a8a3] [com.apple.UIKit:Orientation] <UIWindowScene: 0x11611a080> (09862E33-E39C-4518-90FF-C2208DF2D40E) Scene updated orientation preferences: ( Pu Ll Lr ) -> ( Ll Lr )
2026-10-07 04:34:22.445 E  Streamarr[80148:106a8a3] [com.apple.UIKit:Orientation] BUG IN CLIENT OF UIKIT: Setting UIDevice.orientation is not supported. Please use UIWindowScene.requestGeometryUpdate(_:)
2026-10-07 04:34:22.467 Df Streamarr[80148:106a8a3] [com.apple.UIKit:Orientation] <UIWindowScene: 0x11611a080> (09862E33-E39C-4518-90FF-C2208DF2D40E) Scene updated orientation preferences: ( Ll Lr ) -> ( Pu )
2026-10-07 04:34:22.750 Df Streamarr[80148:106a8a3] [com.apple.UIKit:Orientation] <UIWindowScene: 0x11611a080> (09862E33-E39C-4518-90FF-C2208DF2D40E) Scene will change interface orientation: landscapeRight (3)
2026-10-07 04:34:23.202 Df Streamarr[80148:106a8a3] [com.apple.UIKit:Orientation] <UIWindowScene: 0x11611a080> (09862E33-E39C-4518-90FF-C2208DF2D40E) Scene will change interface orientation: portrait (1)
2026-10-07 04:34:23.414 Df Streamarr[80148:106a8a3] [com.apple.UIKit:Orientation] <UIWindowScene: 0x11611a080> (09862E33-E39C-4518-90FF-C2208DF2D40E) Scene updated orientation preferences: ( Pu ) -> ( Ll Lr )
2026-10-07 04:34:23.433 Df Streamarr[80148:106a8a3] [com.apple.UIKit:Orientation] <_UIKeyboardInputScene: 0x116959b80> (KeyboardInputScene-com.apple.frontboard.systemappservices/FBSceneManager:sceneID%3Adev.streamarr.app-default) Scene will change interface orientation: landscapeRight (3)
2026-10-07 04:34:23.631 Df Streamarr[80148:106a8a3] [com.apple.UIKit:Orientation] <UIWindowScene: 0x11611a080> (09862E33-E39C-4518-90FF-C2208DF2D40E) Scene will change interface orientation: landscapeRight (3)
2026-10-07 04:34:44.185 Df Streamarr[80148:106a8a3] [com.apple.UIKit:Orientation] <UIWindowScene: 0x11611a080> (09862E33-E39C-4518-90FF-C2208DF2D40E) Scene updated orientation preferences: ( Ll Lr ) -> ( Pu )
2026-10-07 04:34:44.185 E  Streamarr[80148:106a8a3] [com.apple.UIKit:Orientation] BUG IN CLIENT OF UIKIT: Setting UIDevice.orientation is not supported. Please use UIWindowScene.requestGeometryUpdate(_:)
2026-10-07 04:34:44.190 Df Streamarr[80148:106a8a3] [com.apple.UIKit:Orientation] <_UIKeyboardInputScene: 0x116959b80> (KeyboardInputScene-com.apple.frontboard.systemappservices/FBSceneManager:sceneID%3Adev.streamarr.app-default) Scene will change interface orientation: portrait (1)
2026-10-07 04:34:44.199 Df Streamarr[80148:106a8a3] [com.apple.UIKit:Orientation] <UIWindowScene: 0x11611a080> (09862E33-E39C-4518-90FF-C2208DF2D40E) Scene will change interface orientation: portrait (1)
2026-10-07 04:34:46.486 Df Streamarr[80148:106a8a3] [com.apple.UIKit:Orientation] <UIWindowScene: 0x11611a080> (09862E33-E39C-4518-90FF-C2208DF2D40E) Scene updated orientation preferences: ( Pu ) -> ( Pu Ll Lr )
2026-10-07 04:34:46.486 E  Streamarr[80148:106a8a3] [com.apple.UIKit:Orientation] BUG IN CLIENT OF UIKIT: Setting UIDevice.orientation is not supported. Please use UIWindowScene.requestGeometryUpdate(_:)
2026-10-07 04:34:46.491 Df Streamarr[80148:106a8a3] [com.apple.UIKit:Orientation] <_UIKeyboardInputScene: 0x116959b80> (KeyboardInputScene-com.apple.frontboard.systemappservices/FBSceneManager:sceneID%3Adev.streamarr.app-default) Scene will change interface orientation: landscapeRight (3)
2026-10-07 04:34:46.514 Df Streamarr[80148:106a8a3] [com.apple.UIKit:Orientation] <UIWindowScene: 0x11611a080> (09862E33-E39C-4518-90FF-C2208DF2D40E) Scene will change interface orientation: landscapeRight (3)
2026-10-07 04:34:46.973 Df Streamarr[80148:106a8a3] [com.apple.UIKit:Orientation] <_UIKeyboardInputScene: 0x116959b80> (KeyboardInputScene-com.apple.frontboard.systemappservices/FBSceneManager:sceneID%3Adev.streamarr.app-default) Scene will change interface orientation: portrait (1)
2026-10-07 04:34:47.349 Df Streamarr[80148:106a8a3] [com.apple.UIKit:Orientation] <UIWindowScene: 0x11611a080> (09862E33-E39C-4518-90FF-C2208DF2D40E) Scene will change interface orientation: portrait (1)
2026-10-07 04:35:05.727 Df Streamarr[80148:106a8a3] [com.apple.UIKit:Orientation] <UIWindowScene: 0x11611a080> (09862E33-E39C-4518-90FF-C2208DF2D40E) Scene updated orientation preferences: ( Pu Ll Lr ) -> ( Ll Lr )
2026-10-07 04:35:05.727 E  Streamarr[80148:106a8a3] [com.apple.UIKit:Orientation] BUG IN CLIENT OF UIKIT: Setting UIDevice.orientation is not supported. Please use UIWindowScene.requestGeometryUpdate(_:)
2026-10-07 04:35:05.763 Df Streamarr[80148:106a8a3] [com.apple.UIKit:Orientation] <UIWindowScene: 0x11611a080> (09862E33-E39C-4518-90FF-C2208DF2D40E) Scene updated orientation preferences: ( Ll Lr ) -> ( Pu )
2026-10-07 04:35:06.068 Df Streamarr[80148:106a8a3] [com.apple.UIKit:Orientation] <UIWindowScene: 0x11611a080> (09862E33-E39C-4518-90FF-C2208DF2D40E) Scene will change interface orientation: landscapeRight (3)
2026-10-07 04:35:06.518 Df Streamarr[80148:106a8a3] [com.apple.UIKit:Orientation] <UIWindowScene: 0x11611a080> (09862E33-E39C-4518-90FF-C2208DF2D40E) Scene will change interface orientation: portrait (1)
2026-10-07 04:35:06.731 Df Streamarr[80148:106a8a3] [com.apple.UIKit:Orientation] <UIWindowScene: 0x11611a080> (09862E33-E39C-4518-90FF-C2208DF2D40E) Scene updated orientation preferences: ( Pu ) -> ( Ll Lr )
2026-10-07 04:35:06.773 Df Streamarr[80148:106a8a3] [com.apple.UIKit:Orientation] <_UIKeyboardInputScene: 0x116959b80> (KeyboardInputScene-com.apple.frontboard.systemappservices/FBSceneManager:sceneID%3Adev.streamarr.app-default) Scene will change interface orientation: landscapeRight (3)
2026-10-07 04:35:06.946 Df Streamarr[80148:106a8a3] [com.apple.UIKit:Orientation] <UIWindowScene: 0x11611a080> (09862E33-E39C-4518-90FF-C2208DF2D40E) Scene will change interface orientation: landscapeRight (3)
2026-10-07 04:37:36.617 Df Streamarr[80148:106a8a3] [com.apple.UIKit:Orientation] <UIWindowScene: 0x11611a080> (09862E33-E39C-4518-90FF-C2208DF2D40E) Scene updated orientation preferences: ( Ll Lr ) -> ( Pu )
2026-10-07 04:37:36.617 E  Streamarr[80148:106a8a3] [com.apple.UIKit:Orientation] BUG IN CLIENT OF UIKIT: Setting UIDevice.orientation is not supported. Please use UIWindowScene.requestGeometryUpdate(_:)
2026-10-07 04:37:36.634 Df Streamarr[80148:106a8a3] [com.apple.UIKit:Orientation] <_UIKeyboardInputScene: 0x116959b80> (KeyboardInputScene-com.apple.frontboard.systemappservices/FBSceneManager:sceneID%3Adev.streamarr.app-default) Scene will change interface orientation: portrait (1)
2026-10-07 04:37:36.635 Df Streamarr[80148:106a8a3] [com.apple.UIKit:Orientation] <UIWindowScene: 0x11611a080> (09862E33-E39C-4518-90FF-C2208DF2D40E) Scene will change interface orientation: portrait (1)
2026-10-07 04:37:38.853 Df Streamarr[80148:106a8a3] [com.apple.UIKit:Orientation] <UIWindowScene: 0x11611a080> (09862E33-E39C-4518-90FF-C2208DF2D40E) Scene updated orientation preferences: ( Pu ) -> ( Pu Ll Lr )
2026-10-07 04:37:38.853 E  Streamarr[80148:106a8a3] [com.apple.UIKit:Orientation] BUG IN CLIENT OF UIKIT: Setting UIDevice.orientation is not supported. Please use UIWindowScene.requestGeometryUpdate(_:)
2026-10-07 04:37:38.860 Df Streamarr[80148:106a8a3] [com.apple.UIKit:Orientation] <_UIKeyboardInputScene: 0x116959b80> (KeyboardInputScene-com.apple.frontboard.systemappservices/FBSceneManager:sceneID%3Adev.streamarr.app-default) Scene will change interface orientation: landscapeRight (3)
2026-10-07 04:37:38.884 Df Streamarr[80148:106a8a3] [com.apple.UIKit:Orientation] <UIWindowScene: 0x11611a080> (09862E33-E39C-4518-90FF-C2208DF2D40E) Scene will change interface orientation: landscapeRight (3)
2026-10-07 04:37:39.347 Df Streamarr[80148:106a8a3] [com.apple.UIKit:Orientation] <_UIKeyboardInputScene: 0x116959b80> (KeyboardInputScene-com.apple.frontboard.systemappservices/FBSceneManager:sceneID%3Adev.streamarr.app-default) Scene will change interface orientation: portrait (1)
2026-10-07 04:37:39.715 Df Streamarr[80148:106a8a3] [com.apple.UIKit:Orientation] <UIWindowScene: 0x11611a080> (09862E33-E39C-4518-90FF-C2208DF2D40E) Scene will change interface orientation: portrait (1)
2026-10-07 04:37:52.488 Df Streamarr[80148:106a8a3] [com.apple.UIKit:Orientation] <UIWindowScene: 0x11611a080> (09862E33-E39C-4518-90FF-C2208DF2D40E) Scene updated orientation preferences: ( Pu Ll Lr ) -> ( Ll Lr )
2026-10-07 04:37:52.488 E  Streamarr[80148:106a8a3] [com.apple.UIKit:Orientation] BUG IN CLIENT OF UIKIT: Setting UIDevice.orientation is not supported. Please use UIWindowScene.requestGeometryUpdate(_:)
2026-10-07 04:37:52.506 Df Streamarr[80148:106a8a3] [com.apple.UIKit:Orientation] <UIWindowScene: 0x11611a080> (09862E33-E39C-4518-90FF-C2208DF2D40E) Scene updated orientation preferences: ( Ll Lr ) -> ( Pu )
2026-10-07 04:37:52.775 Df Streamarr[80148:106a8a3] [com.apple.UIKit:Orientation] <UIWindowScene: 0x11611a080> (09862E33-E39C-4518-90FF-C2208DF2D40E) Scene will change interface orientation: landscapeRight (3)
2026-10-07 04:37:53.229 Df Streamarr[80148:106a8a3] [com.apple.UIKit:Orientation] <UIWindowScene: 0x11611a080> (09862E33-E39C-4518-90FF-C2208DF2D40E) Scene will change interface orientation: portrait (1)
2026-10-07 04:37:53.438 Df Streamarr[80148:106a8a3] [com.apple.UIKit:Orientation] <UIWindowScene: 0x11611a080> (09862E33-E39C-4518-90FF-C2208DF2D40E) Scene updated orientation preferences: ( Pu ) -> ( Ll Lr )
2026-10-07 04:37:53.471 Df Streamarr[80148:106a8a3] [com.apple.UIKit:Orientation] <_UIKeyboardInputScene: 0x116959b80> (KeyboardInputScene-com.apple.frontboard.systemappservices/FBSceneManager:sceneID%3Adev.streamarr.app-default) Scene will change interface orientation: landscapeRight (3)
2026-10-07 04:37:53.657 Df Streamarr[80148:106a8a3] [com.apple.UIKit:Orientation] <UIWindowScene: 0x11611a080> (09862E33-E39C-4518-90FF-C2208DF2D40E) Scene will change interface orientation: landscapeRight (3)
2026-10-07 04:38:06.049 Df Streamarr[80148:106a8a3] [com.apple.UIKit:Orientation] <UIWindowScene: 0x11611a080> (09862E33-E39C-4518-90FF-C2208DF2D40E) Scene updated orientation preferences: ( Ll Lr ) -> ( Pu )
2026-10-07 04:38:06.049 E  Streamarr[80148:106a8a3] [com.apple.UIKit:Orientation] BUG IN CLIENT OF UIKIT: Setting UIDevice.orientation is not supported. Please use UIWindowScene.requestGeometryUpdate(_:)
2026-10-07 04:38:06.058 Df Streamarr[80148:106a8a3] [com.apple.UIKit:Orientation] <_UIKeyboardInputScene: 0x116959b80> (KeyboardInputScene-com.apple.frontboard.systemappservices/FBSceneManager:sceneID%3Adev.streamarr.app-default) Scene will change interface orientation: portrait (1)
2026-10-07 04:38:06.063 Df Streamarr[80148:106a8a3] [com.apple.UIKit:Orientation] <UIWindowScene: 0x11611a080> (09862E33-E39C-4518-90FF-C2208DF2D40E) Scene will change interface orientation: portrait (1)
2026-10-07 04:38:07.986 Df Streamarr[80148:106a8a3] [com.apple.UIKit:Orientation] <UIWindowScene: 0x11611a080> (09862E33-E39C-4518-90FF-C2208DF2D40E) Scene updated orientation preferences: ( Pu ) -> ( Pu Ll Lr )
2026-10-07 04:38:07.986 E  Streamarr[80148:106a8a3] [com.apple.UIKit:Orientation] BUG IN CLIENT OF UIKIT: Setting UIDevice.orientation is not supported. Please use UIWindowScene.requestGeometryUpdate(_:)
2026-10-07 04:38:07.991 Df Streamarr[80148:106a8a3] [com.apple.UIKit:Orientation] <_UIKeyboardInputScene: 0x116959b80> (KeyboardInputScene-com.apple.frontboard.systemappservices/FBSceneManager:sceneID%3Adev.streamarr.app-default) Scene will change interface orientation: landscapeRight (3)
2026-10-07 04:38:08.015 Df Streamarr[80148:106a8a3] [com.apple.UIKit:Orientation] <UIWindowScene: 0x11611a080> (09862E33-E39C-4518-90FF-C2208DF2D40E) Scene will change interface orientation: landscapeRight (3)
2026-10-07 04:38:08.478 Df Streamarr[80148:106a8a3] [com.apple.UIKit:Orientation] <_UIKeyboardInputScene: 0x116959b80> (KeyboardInputScene-com.apple.frontboard.systemappservices/FBSceneManager:sceneID%3Adev.streamarr.app-default) Scene will change interface orientation: portrait (1)
2026-10-07 04:38:08.832 Df Streamarr[80148:106a8a3] [com.apple.UIKit:Orientation] <UIWindowScene: 0x11611a080> (09862E33-E39C-4518-90FF-C2208DF2D40E) Scene will change interface orientation: portrait (1)
