getpwuid_r did not find a match for uid 501
Filtering the log data using "process == "Streamarr" AND (category == "Orientation" OR composedMessage CONTAINS "[orient]")"
Timestamp               Ty Process[PID:TID]
2026-10-07 04:22:40.041 Df Streamarr[63202:105c5ef] [com.apple.UIKit:Orientation] <UIWindowScene: 0x113d04500> (09862E33-E39C-4518-90FF-C2208DF2D40E) Scene updated orientation preferences: ( Pu Ll Lr ) -> ( Ll Lr )
2026-10-07 04:22:40.107 E  Streamarr[63202:105c5ef] [com.apple.UIKit:Orientation] BUG IN CLIENT OF UIKIT: Setting UIDevice.orientation is not supported. Please use UIWindowScene.requestGeometryUpdate(_:)
2026-10-07 04:22:40.149 Df Streamarr[63202:105c5ef] [com.apple.UIKit:Orientation] <UIWindowScene: 0x113d04500> (09862E33-E39C-4518-90FF-C2208DF2D40E) Scene updated orientation preferences: ( Ll Lr ) -> ( Pu )
2026-10-07 04:22:45.687 Df Streamarr[63202:105c5ef] [com.apple.UIKit:Orientation] <UIWindowScene: 0x113d04500> (09862E33-E39C-4518-90FF-C2208DF2D40E) Scene updated orientation preferences: ( Pu ) -> ( Ll Lr )
2026-10-07 04:22:45.797 Df Streamarr[63202:105c5ef] [com.apple.UIKit:Orientation] <UIWindowScene: 0x113d04500> (09862E33-E39C-4518-90FF-C2208DF2D40E) Scene will change interface orientation: landscapeRight (3)
2026-10-07 04:22:49.274 Df Streamarr[63202:105c5ef] [com.apple.UIKit:Orientation] <_UIKeyboardInputScene: 0x11b50d180> (KeyboardInputScene-com.apple.frontboard.systemappservices/FBSceneManager:sceneID%3Adev.streamarr.app-default) Scene will change interface orientation: landscapeRight (3)
2026-10-07 04:23:05.086 Df Streamarr[63202:105c5ef] [com.apple.UIKit:Orientation] <UIWindowScene: 0x113d04500> (09862E33-E39C-4518-90FF-C2208DF2D40E) Scene updated orientation preferences: ( Ll Lr ) -> ( Pu )
2026-10-07 04:23:05.107 E  Streamarr[63202:105c5ef] [com.apple.UIKit:Orientation] BUG IN CLIENT OF UIKIT: Setting UIDevice.orientation is not supported. Please use UIWindowScene.requestGeometryUpdate(_:)
2026-10-07 04:23:05.454 Df Streamarr[63202:105c5ef] [com.apple.UIKit:Orientation] <_UIKeyboardInputScene: 0x11b50d180> (KeyboardInputScene-com.apple.frontboard.systemappservices/FBSceneManager:sceneID%3Adev.streamarr.app-default) Scene will change interface orientation: portrait (1)
2026-10-07 04:23:05.877 Df Streamarr[63202:105c5ef] [com.apple.UIKit:Orientation] <UIWindowScene: 0x113d04500> (09862E33-E39C-4518-90FF-C2208DF2D40E) Scene will change interface orientation: portrait (1)
2026-10-07 04:23:09.024 Df Streamarr[63202:105c5ef] [com.apple.UIKit:Orientation] <UIWindowScene: 0x113d04500> (09862E33-E39C-4518-90FF-C2208DF2D40E) Scene updated orientation preferences: ( Pu ) -> ( Pu Ll Lr )
2026-10-07 04:23:09.029 E  Streamarr[63202:105c5ef] [com.apple.UIKit:Orientation] BUG IN CLIENT OF UIKIT: Setting UIDevice.orientation is not supported. Please use UIWindowScene.requestGeometryUpdate(_:)
2026-10-07 04:23:09.479 Df Streamarr[63202:105c5ef] [com.apple.UIKit:Orientation] <UIWindowScene: 0x113d04500> (09862E33-E39C-4518-90FF-C2208DF2D40E) Scene updated orientation preferences: ( Pu Ll Lr ) -> ( Pu )
2026-10-07 04:23:09.554 Df Streamarr[63202:105c5ef] [com.apple.UIKit:Orientation] <_UIKeyboardInputScene: 0x11b50d180> (KeyboardInputScene-com.apple.frontboard.systemappservices/FBSceneManager:sceneID%3Adev.streamarr.app-default) Scene will change interface orientation: landscapeRight (3)
2026-10-07 04:23:10.649 Df Streamarr[63202:105c5ef] [com.apple.UIKit:Orientation] <_UIKeyboardInputScene: 0x11b50d180> (KeyboardInputScene-com.apple.frontboard.systemappservices/FBSceneManager:sceneID%3Adev.streamarr.app-default) Scene will change interface orientation: portrait (1)
2026-10-07 04:23:11.098 Df Streamarr[63202:105c5ef] [com.apple.UIKit:Orientation] <UIWindowScene: 0x113d04500> (09862E33-E39C-4518-90FF-C2208DF2D40E) Scene updated orientation preferences: ( Pu ) -> ( Pu Ll Lr )
2026-10-07 04:23:11.208 Df Streamarr[63202:105c5ef] [com.apple.UIKit:Orientation] <_UIKeyboardInputScene: 0x11b50d180> (KeyboardInputScene-com.apple.frontboard.systemappservices/FBSceneManager:sceneID%3Adev.streamarr.app-default) Scene will change interface orientation: landscapeRight (3)
2026-10-07 04:23:11.355 Df Streamarr[63202:105c5ef] [com.apple.UIKit:Orientation] <UIWindowScene: 0x113d04500> (09862E33-E39C-4518-90FF-C2208DF2D40E) Scene will change interface orientation: landscapeRight (3)
2026-10-07 04:25:52.887 Df Streamarr[63202:105c5ef] [com.apple.UIKit:Orientation] <_UIKeyboardInputScene: 0x11b50d180> (KeyboardInputScene-com.apple.frontboard.systemappservices/FBSceneManager:sceneID%3Adev.streamarr.app-default) Scene will change interface orientation: portrait (1)
2026-10-07 04:25:53.068 Df Streamarr[63202:105c5ef] [com.apple.UIKit:Orientation] <UIWindowScene: 0x113d04500> (09862E33-E39C-4518-90FF-C2208DF2D40E) Scene will change interface orientation: portrait (1)
2026-10-07 04:26:12.150 Df Streamarr[63202:105c5ef] [com.apple.UIKit:Orientation] <UIWindowScene: 0x113d04500> (09862E33-E39C-4518-90FF-C2208DF2D40E) Scene updated orientation preferences: ( Pu Ll Lr ) -> ( Ll Lr )
2026-10-07 04:26:12.234 E  Streamarr[63202:105c5ef] [com.apple.UIKit:Orientation] BUG IN CLIENT OF UIKIT: Setting UIDevice.orientation is not supported. Please use UIWindowScene.requestGeometryUpdate(_:)
2026-10-07 04:26:15.237 Df Streamarr[63202:105c5ef] [com.apple.UIKit:Orientation] <_UIKeyboardInputScene: 0x11b50d180> (KeyboardInputScene-com.apple.frontboard.systemappservices/FBSceneManager:sceneID%3Adev.streamarr.app-default) Scene will change interface orientation: landscapeRight (3)
2026-10-07 04:26:15.327 Df Streamarr[63202:105c5ef] [com.apple.UIKit:Orientation] <UIWindowScene: 0x113d04500> (09862E33-E39C-4518-90FF-C2208DF2D40E) Scene updated orientation preferences: ( Ll Lr ) -> ( Pu )
2026-10-07 04:26:17.234 Df Streamarr[63202:105c5ef] [com.apple.UIKit:Orientation] <UIWindowScene: 0x113d04500> (09862E33-E39C-4518-90FF-C2208DF2D40E) Scene will change interface orientation: landscapeRight (3)
2026-10-07 04:26:18.488 Df Streamarr[63202:105c5ef] [com.apple.UIKit:Orientation] <UIWindowScene: 0x113d04500> (09862E33-E39C-4518-90FF-C2208DF2D40E) Scene updated orientation preferences: ( Pu ) -> ( Ll Lr )
2026-10-07 04:26:18.670 Df Streamarr[63202:105c5ef] [com.apple.UIKit:Orientation] <UIWindowScene: 0x113d04500> (09862E33-E39C-4518-90FF-C2208DF2D40E) Scene will change interface orientation: portrait (1)
2026-10-07 04:26:19.196 Df Streamarr[63202:105c5ef] [com.apple.UIKit:Orientation] <UIWindowScene: 0x113d04500> (09862E33-E39C-4518-90FF-C2208DF2D40E) Scene will change interface orientation: landscapeRight (3)
2026-10-07 04:27:24.565 E  Streamarr[63202:105c5ef] [com.apple.UIKit:Orientation] BUG IN CLIENT OF UIKIT: Setting UIDevice.orientation is not supported. Please use UIWindowScene.requestGeometryUpdate(_:)
2026-10-07 04:27:40.917 Df Streamarr[63202:105c5ef] [com.apple.UIKit:Orientation] <UIWindowScene: 0x113d04500> (09862E33-E39C-4518-90FF-C2208DF2D40E) Scene updated orientation preferences: ( Ll Lr ) -> ( Pu )
2026-10-07 04:27:40.950 E  Streamarr[63202:105c5ef] [com.apple.UIKit:Orientation] BUG IN CLIENT OF UIKIT: Setting UIDevice.orientation is not supported. Please use UIWindowScene.requestGeometryUpdate(_:)
2026-10-07 04:27:43.567 Df Streamarr[63202:105c5ef] [com.apple.UIKit:Orientation] <UIWindowScene: 0x113d04500> (09862E33-E39C-4518-90FF-C2208DF2D40E) Scene updated orientation preferences: ( Pu ) -> ( Pu Ll Lr )
2026-10-07 04:27:43.567 E  Streamarr[63202:105c5ef] [com.apple.UIKit:Orientation] BUG IN CLIENT OF UIKIT: Setting UIDevice.orientation is not supported. Please use UIWindowScene.requestGeometryUpdate(_:)
2026-10-07 04:27:43.869 Df Streamarr[63202:105c5ef] [com.apple.UIKit:Orientation] <UIWindowScene: 0x113d04500> (09862E33-E39C-4518-90FF-C2208DF2D40E) Scene will change interface orientation: portrait (1)
2026-10-07 04:27:43.979 Df Streamarr[63202:105c5ef] [com.apple.UIKit:Orientation] <UIWindowScene: 0x113d04500> (09862E33-E39C-4518-90FF-C2208DF2D40E) Scene updated orientation preferences: ( Pu Ll Lr ) -> ( Pu )
2026-10-07 04:27:44.860 Df Streamarr[63202:105c5ef] [com.apple.UIKit:Orientation] <_UIKeyboardInputScene: 0x11b50d180> (KeyboardInputScene-com.apple.frontboard.systemappservices/FBSceneManager:sceneID%3Adev.streamarr.app-default) Scene will change interface orientation: portrait (1)
2026-10-07 04:27:45.418 Df Streamarr[63202:105c5ef] [com.apple.UIKit:Orientation] <UIWindowScene: 0x113d04500> (09862E33-E39C-4518-90FF-C2208DF2D40E) Scene updated orientation preferences: ( Pu ) -> ( Pu Ll Lr )
2026-10-07 04:27:45.567 Df Streamarr[63202:105c5ef] [com.apple.UIKit:Orientation] <_UIKeyboardInputScene: 0x11b50d180> (KeyboardInputScene-com.apple.frontboard.systemappservices/FBSceneManager:sceneID%3Adev.streamarr.app-default) Scene will change interface orientation: landscapeRight (3)
2026-10-07 04:27:45.595 Df Streamarr[63202:105c5ef] [com.apple.UIKit:Orientation] <UIWindowScene: 0x113d04500> (09862E33-E39C-4518-90FF-C2208DF2D40E) Scene will change interface orientation: landscapeRight (3)
2026-10-07 04:28:54.426 Df Streamarr[63202:105c5ef] [com.apple.UIKit:Orientation] <UIWindowScene: 0x113d04500> (09862E33-E39C-4518-90FF-C2208DF2D40E) Scene updated orientation preferences: ( Pu Ll Lr ) -> ( Pu )
2026-10-07 04:28:54.536 E  Streamarr[63202:105c5ef] [com.apple.UIKit:Orientation] BUG IN CLIENT OF UIKIT: Setting UIDevice.orientation is not supported. Please use UIWindowScene.requestGeometryUpdate(_:)
2026-10-07 04:28:57.472 Df Streamarr[63202:105c5ef] [com.apple.UIKit:Orientation] <_UIKeyboardInputScene: 0x11b50d180> (KeyboardInputScene-com.apple.frontboard.systemappservices/FBSceneManager:sceneID%3Adev.streamarr.app-default) Scene will change interface orientation: portrait (1)
2026-10-07 04:28:57.581 Df Streamarr[63202:105c5ef] [com.apple.UIKit:Orientation] <UIWindowScene: 0x113d04500> (09862E33-E39C-4518-90FF-C2208DF2D40E) Scene will change interface orientation: portrait (1)
2026-10-07 04:29:30.285 Df Streamarr[63202:105c5ef] [com.apple.UIKit:Orientation] <UIWindowScene: 0x113d04500> (09862E33-E39C-4518-90FF-C2208DF2D40E) Scene updated orientation preferences: ( Pu ) -> ( Pu Ll Lr )
2026-10-07 04:29:30.324 E  Streamarr[63202:105c5ef] [com.apple.UIKit:Orientation] BUG IN CLIENT OF UIKIT: Setting UIDevice.orientation is not supported. Please use UIWindowScene.requestGeometryUpdate(_:)
2026-10-07 04:30:14.130 Df Streamarr[63202:105c5ef] [com.apple.UIKit:Orientation] <UIWindowScene: 0x113d04500> (09862E33-E39C-4518-90FF-C2208DF2D40E) Scene updated orientation preferences: ( Pu Ll Lr ) -> ( Ll Lr )
2026-10-07 04:30:14.156 E  Streamarr[63202:105c5ef] [com.apple.UIKit:Orientation] BUG IN CLIENT OF UIKIT: Setting UIDevice.orientation is not supported. Please use UIWindowScene.requestGeometryUpdate(_:)
2026-10-07 04:30:14.167 Df Streamarr[63202:105c5ef] [com.apple.UIKit:Orientation] <UIWindowScene: 0x113d04500> (09862E33-E39C-4518-90FF-C2208DF2D40E) Scene updated orientation preferences: ( Ll Lr ) -> ( Pu )
2026-10-07 04:30:14.853 Df Streamarr[63202:105c5ef] [com.apple.UIKit:Orientation] <_UIKeyboardInputScene: 0x11b50d180> (KeyboardInputScene-com.apple.frontboard.systemappservices/FBSceneManager:sceneID%3Adev.streamarr.app-default) Scene will change interface orientation: landscapeRight (3)
2026-10-07 04:30:14.909 Df Streamarr[63202:105c5ef] [com.apple.UIKit:Orientation] <UIWindowScene: 0x113d04500> (09862E33-E39C-4518-90FF-C2208DF2D40E) Scene will change interface orientation: landscapeRight (3)
2026-10-07 04:30:16.362 Df Streamarr[63202:105c5ef] [com.apple.UIKit:Orientation] <UIWindowScene: 0x113d04500> (09862E33-E39C-4518-90FF-C2208DF2D40E) Scene updated orientation preferences: ( Pu ) -> ( Ll Lr )
2026-10-07 04:30:16.373 Df Streamarr[63202:105c5ef] [com.apple.UIKit:Orientation] <_UIKeyboardInputScene: 0x11b50d180> (KeyboardInputScene-com.apple.frontboard.systemappservices/FBSceneManager:sceneID%3Adev.streamarr.app-default) Scene will change interface orientation: portrait (1)
2026-10-07 04:30:16.409 Df Streamarr[63202:105c5ef] [com.apple.UIKit:Orientation] <UIWindowScene: 0x113d04500> (09862E33-E39C-4518-90FF-C2208DF2D40E) Scene will change interface orientation: portrait (1)
2026-10-07 04:30:16.496 Df Streamarr[63202:105c5ef] [com.apple.UIKit:Orientation] <_UIKeyboardInputScene: 0x11b50d180> (KeyboardInputScene-com.apple.frontboard.systemappservices/FBSceneManager:sceneID%3Adev.streamarr.app-default) Scene will change interface orientation: landscapeRight (3)
2026-10-07 04:30:16.848 Df Streamarr[63202:105c5ef] [com.apple.UIKit:Orientation] <UIWindowScene: 0x113d04500> (09862E33-E39C-4518-90FF-C2208DF2D40E) Scene will change interface orientation: landscapeRight (3)
2026-10-07 04:30:24.294 Df Streamarr[63202:105c5ef] [com.apple.UIKit:Orientation] <UIWindowScene: 0x113d04500> (09862E33-E39C-4518-90FF-C2208DF2D40E) Scene updated orientation preferences: ( Ll Lr ) -> ( Pu )
2026-10-07 04:30:24.295 E  Streamarr[63202:105c5ef] [com.apple.UIKit:Orientation] BUG IN CLIENT OF UIKIT: Setting UIDevice.orientation is not supported. Please use UIWindowScene.requestGeometryUpdate(_:)
2026-10-07 04:30:24.300 Df Streamarr[63202:105c5ef] [com.apple.UIKit:Orientation] <_UIKeyboardInputScene: 0x11b50d180> (KeyboardInputScene-com.apple.frontboard.systemappservices/FBSceneManager:sceneID%3Adev.streamarr.app-default) Scene will change interface orientation: portrait (1)
2026-10-07 04:30:24.330 Df Streamarr[63202:105c5ef] [com.apple.UIKit:Orientation] <UIWindowScene: 0x113d04500> (09862E33-E39C-4518-90FF-C2208DF2D40E) Scene will change interface orientation: portrait (1)
2026-10-07 04:30:25.460 E  Streamarr[63202:105c5ef] [com.apple.UIKit:Orientation] BUG IN CLIENT OF UIKIT: Setting UIDevice.orientation is not supported. Please use UIWindowScene.requestGeometryUpdate(_:)
2026-10-07 04:30:25.654 Df Streamarr[63202:105c5ef] [com.apple.UIKit:Orientation] <UIWindowScene: 0x113d04500> (09862E33-E39C-4518-90FF-C2208DF2D40E) Scene updated orientation preferences: ( Pu ) -> ( Pu Ll Lr )
2026-10-07 04:30:53.415 Df Streamarr[63202:105c5ef] [com.apple.UIKit:Orientation] <UIWindowScene: 0x113d04500> (09862E33-E39C-4518-90FF-C2208DF2D40E) Scene updated orientation preferences: ( Pu Ll Lr ) -> ( Ll Lr )
2026-10-07 04:30:53.415 E  Streamarr[63202:105c5ef] [com.apple.UIKit:Orientation] BUG IN CLIENT OF UIKIT: Setting UIDevice.orientation is not supported. Please use UIWindowScene.requestGeometryUpdate(_:)
2026-10-07 04:30:53.425 Df Streamarr[63202:105c5ef] [com.apple.UIKit:Orientation] <UIWindowScene: 0x113d04500> (09862E33-E39C-4518-90FF-C2208DF2D40E) Scene updated orientation preferences: ( Ll Lr ) -> ( Pu )
2026-10-07 04:30:53.527 Df Streamarr[63202:105c5ef] [com.apple.UIKit:Orientation] <UIWindowScene: 0x113d04500> (09862E33-E39C-4518-90FF-C2208DF2D40E) Scene will change interface orientation: landscapeRight (3)
2026-10-07 04:30:53.936 Df Streamarr[63202:105c5ef] [com.apple.UIKit:Orientation] <UIWindowScene: 0x113d04500> (09862E33-E39C-4518-90FF-C2208DF2D40E) Scene will change interface orientation: portrait (1)
2026-10-07 04:30:54.087 Df Streamarr[63202:105c5ef] [com.apple.UIKit:Orientation] <UIWindowScene: 0x113d04500> (09862E33-E39C-4518-90FF-C2208DF2D40E) Scene updated orientation preferences: ( Pu ) -> ( Ll Lr )
2026-10-07 04:30:54.100 Df Streamarr[63202:105c5ef] [com.apple.UIKit:Orientation] <_UIKeyboardInputScene: 0x11b50d180> (KeyboardInputScene-com.apple.frontboard.systemappservices/FBSceneManager:sceneID%3Adev.streamarr.app-default) Scene will change interface orientation: landscapeRight (3)
2026-10-07 04:30:54.306 Df Streamarr[63202:105c5ef] [com.apple.UIKit:Orientation] <UIWindowScene: 0x113d04500> (09862E33-E39C-4518-90FF-C2208DF2D40E) Scene will change interface orientation: landscapeRight (3)
2026-10-07 04:31:04.088 Df Streamarr[63202:105c5ef] [com.apple.UIKit:Orientation] <UIWindowScene: 0x113d04500> (09862E33-E39C-4518-90FF-C2208DF2D40E) Scene updated orientation preferences: ( Ll Lr ) -> ( Pu )
2026-10-07 04:31:04.088 E  Streamarr[63202:105c5ef] [com.apple.UIKit:Orientation] BUG IN CLIENT OF UIKIT: Setting UIDevice.orientation is not supported. Please use UIWindowScene.requestGeometryUpdate(_:)
2026-10-07 04:31:04.093 Df Streamarr[63202:105c5ef] [com.apple.UIKit:Orientation] <_UIKeyboardInputScene: 0x11b50d180> (KeyboardInputScene-com.apple.frontboard.systemappservices/FBSceneManager:sceneID%3Adev.streamarr.app-default) Scene will change interface orientation: portrait (1)
2026-10-07 04:31:04.106 Df Streamarr[63202:105c5ef] [com.apple.UIKit:Orientation] <UIWindowScene: 0x113d04500> (09862E33-E39C-4518-90FF-C2208DF2D40E) Scene will change interface orientation: portrait (1)
2026-10-07 04:31:04.821 Df Streamarr[63202:105c5ef] [com.apple.UIKit:Orientation] <UIWindowScene: 0x113d04500> (09862E33-E39C-4518-90FF-C2208DF2D40E) Scene updated orientation preferences: ( Pu ) -> ( Pu Ll Lr )
2026-10-07 04:31:04.822 E  Streamarr[63202:105c5ef] [com.apple.UIKit:Orientation] BUG IN CLIENT OF UIKIT: Setting UIDevice.orientation is not supported. Please use UIWindowScene.requestGeometryUpdate(_:)
2026-10-07 04:31:04.846 Df Streamarr[63202:105c5ef] [com.apple.UIKit:Orientation] <UIWindowScene: 0x113d04500> (09862E33-E39C-4518-90FF-C2208DF2D40E) Scene updated orientation preferences: ( Pu Ll Lr ) -> ( Pu )
2026-10-07 04:31:04.852 Df Streamarr[63202:105c5ef] [com.apple.UIKit:Orientation] <_UIKeyboardInputScene: 0x11b50d180> (KeyboardInputScene-com.apple.frontboard.systemappservices/FBSceneManager:sceneID%3Adev.streamarr.app-default) Scene will change interface orientation: landscapeRight (3)
2026-10-07 04:31:05.097 Df Streamarr[63202:105c5ef] [com.apple.UIKit:Orientation] <UIWindowScene: 0x113d04500> (09862E33-E39C-4518-90FF-C2208DF2D40E) Scene will change interface orientation: landscapeRight (3)
2026-10-07 04:31:05.150 Df Streamarr[63202:105c5ef] [com.apple.UIKit:Orientation] <_UIKeyboardInputScene: 0x11b50d180> (KeyboardInputScene-com.apple.frontboard.systemappservices/FBSceneManager:sceneID%3Adev.streamarr.app-default) Scene will change interface orientation: portrait (1)
2026-10-07 04:31:05.494 Df Streamarr[63202:105c5ef] [com.apple.UIKit:Orientation] <UIWindowScene: 0x113d04500> (09862E33-E39C-4518-90FF-C2208DF2D40E) Scene will change interface orientation: portrait (1)
2026-10-07 04:31:05.666 Df Streamarr[63202:105c5ef] [com.apple.UIKit:Orientation] <UIWindowScene: 0x113d04500> (09862E33-E39C-4518-90FF-C2208DF2D40E) Scene updated orientation preferences: ( Pu ) -> ( Pu Ll Lr )
2026-10-07 04:31:05.699 Df Streamarr[63202:105c5ef] [com.apple.UIKit:Orientation] <_UIKeyboardInputScene: 0x11b50d180> (KeyboardInputScene-com.apple.frontboard.systemappservices/FBSceneManager:sceneID%3Adev.streamarr.app-default) Scene will change interface orientation: landscapeRight (3)
2026-10-07 04:31:05.866 Df Streamarr[63202:105c5ef] [com.apple.UIKit:Orientation] <UIWindowScene: 0x113d04500> (09862E33-E39C-4518-90FF-C2208DF2D40E) Scene will change interface orientation: landscapeRight (3)
