getpwuid_r did not find a match for uid 501
Filtering the log data using "process == "Streamarr" AND category == "Orientation""
Timestamp               Ty Process[PID:TID]
2026-10-07 06:00:55.951 Df Streamarr[64956:10ae95a] [com.apple.UIKit:Orientation] <UIWindowScene: 0x111d12080> (09862E33-E39C-4518-90FF-C2208DF2D40E) Scene updated orientation preferences: none -> ( Pu Ll Lr Pd )
2026-10-07 06:00:56.364 Df Streamarr[64956:10ae95a] [com.apple.UIKit:Orientation] <UIWindowScene: 0x111d12080> (09862E33-E39C-4518-90FF-C2208DF2D40E) Scene updated orientation preferences: ( Pu Ll Lr Pd ) -> ( Pu Ll Lr )
2026-10-07 06:02:44.183 Df Streamarr[64956:10ae95a] [com.apple.UIKit:Orientation] <UIWindowScene: 0x111d12080> (09862E33-E39C-4518-90FF-C2208DF2D40E) Scene updated orientation preferences: ( Pu Ll Lr ) -> ( Ll Lr )
2026-10-07 06:02:44.246 Df Streamarr[64956:10ae95a] [com.apple.UIKit:Orientation] <UIWindowScene: 0x111d12080> (09862E33-E39C-4518-90FF-C2208DF2D40E) Scene updated orientation preferences: ( Ll Lr ) -> ( Pu )
2026-10-07 06:02:45.470 Df Streamarr[64956:10ae95a] [com.apple.UIKit:Orientation] <UIWindowScene: 0x111d12080> (09862E33-E39C-4518-90FF-C2208DF2D40E) Scene will change interface orientation: landscapeRight (3)
2026-10-07 06:02:45.581 Df Streamarr[64956:10ae95a] [com.apple.UIKit:Orientation] <UIWindowScene: 0x111d12080> (09862E33-E39C-4518-90FF-C2208DF2D40E) Scene will change interface orientation: portrait (1)
2026-10-07 06:02:45.740 Df Streamarr[64956:10ae95a] [com.apple.UIKit:Orientation] <UIWindowScene: 0x111d12080> (09862E33-E39C-4518-90FF-C2208DF2D40E) Scene updated orientation preferences: ( Pu ) -> ( Ll Lr )
2026-10-07 06:02:46.147 Df Streamarr[64956:10ae95a] [com.apple.UIKit:Orientation] <_UIKeyboardInputScene: 0x112158a00> (KeyboardInputScene-com.apple.frontboard.systemappservices/FBSceneManager:sceneID%3Adev.streamarr.app-default) Scene will change interface orientation: landscapeRight (3)
2026-10-07 06:02:46.213 Df Streamarr[64956:10ae95a] [com.apple.UIKit:Orientation] <UIWindowScene: 0x111d12080> (09862E33-E39C-4518-90FF-C2208DF2D40E) Scene will change interface orientation: landscapeRight (3)
2026-10-07 06:03:14.087 Df Streamarr[64956:10ae95a] [com.apple.UIKit:Orientation] <UIWindowScene: 0x111d12080> (09862E33-E39C-4518-90FF-C2208DF2D40E) Scene updated orientation preferences: ( Ll Lr ) -> ( Lr )
2026-10-07 06:03:14.130 Df Streamarr[64956:10ae95a] [com.apple.UIKit:Orientation] <UIWindowScene: 0x111d12080> (09862E33-E39C-4518-90FF-C2208DF2D40E) Scene updated orientation preferences: ( Lr ) -> ( Ll Lr )
2026-10-07 06:03:17.435 Df Streamarr[64956:10ae95a] [com.apple.UIKit:Orientation] <UIWindowScene: 0x111d12080> (09862E33-E39C-4518-90FF-C2208DF2D40E) Scene updated orientation preferences: ( Ll Lr ) -> ( Lr )
2026-10-07 06:03:17.437 Df Streamarr[64956:10ae95a] [com.apple.UIKit:Orientation] <UIWindowScene: 0x111d12080> (09862E33-E39C-4518-90FF-C2208DF2D40E) Scene updated orientation preferences: ( Lr ) -> ( Ll Lr )
2026-10-07 06:03:52.108 Df Streamarr[64956:10ae95a] [com.apple.UIKit:Orientation] <UIWindowScene: 0x111d12080> (09862E33-E39C-4518-90FF-C2208DF2D40E) Scene updated orientation preferences: ( Ll Lr ) -> ( Pu )
2026-10-07 06:03:52.381 Df Streamarr[64956:10ae95a] [com.apple.UIKit:Orientation] <_UIKeyboardInputScene: 0x112158a00> (KeyboardInputScene-com.apple.frontboard.systemappservices/FBSceneManager:sceneID%3Adev.streamarr.app-default) Scene will change interface orientation: portrait (1)
2026-10-07 06:03:52.515 Df Streamarr[64956:10ae95a] [com.apple.UIKit:Orientation] <UIWindowScene: 0x111d12080> (09862E33-E39C-4518-90FF-C2208DF2D40E) Scene will change interface orientation: portrait (1)
2026-10-07 06:05:11.492 Df Streamarr[64956:10ae95a] [com.apple.UIKit:Orientation] <UIWindowScene: 0x111d12080> (09862E33-E39C-4518-90FF-C2208DF2D40E) Scene updated orientation preferences: ( Pu ) -> ( Ll Lr )
2026-10-07 06:05:11.494 Df Streamarr[64956:10ae95a] [com.apple.UIKit:Orientation] <UIWindowScene: 0x111d12080> (09862E33-E39C-4518-90FF-C2208DF2D40E) Scene updated orientation preferences: ( Ll Lr ) -> ( Pu )
2026-10-07 06:05:11.624 Df Streamarr[64956:10ae95a] [com.apple.UIKit:Orientation] <UIWindowScene: 0x111d12080> (09862E33-E39C-4518-90FF-C2208DF2D40E) Scene will change interface orientation: landscapeRight (3)
2026-10-07 06:05:12.006 Df Streamarr[64956:10ae95a] [com.apple.UIKit:Orientation] <UIWindowScene: 0x111d12080> (09862E33-E39C-4518-90FF-C2208DF2D40E) Scene will change interface orientation: portrait (1)
2026-10-07 06:05:12.176 Df Streamarr[64956:10ae95a] [com.apple.UIKit:Orientation] <UIWindowScene: 0x111d12080> (09862E33-E39C-4518-90FF-C2208DF2D40E) Scene updated orientation preferences: ( Pu ) -> ( Ll Lr )
2026-10-07 06:05:12.208 Df Streamarr[64956:10ae95a] [com.apple.UIKit:Orientation] <_UIKeyboardInputScene: 0x112158a00> (KeyboardInputScene-com.apple.frontboard.systemappservices/FBSceneManager:sceneID%3Adev.streamarr.app-default) Scene will change interface orientation: landscapeRight (3)
2026-10-07 06:05:12.386 Df Streamarr[64956:10ae95a] [com.apple.UIKit:Orientation] <UIWindowScene: 0x111d12080> (09862E33-E39C-4518-90FF-C2208DF2D40E) Scene will change interface orientation: landscapeRight (3)
2026-10-07 06:05:27.376 Df Streamarr[64956:10ae95a] [com.apple.UIKit:Orientation] <UIWindowScene: 0x111d12080> (09862E33-E39C-4518-90FF-C2208DF2D40E) Scene updated orientation preferences: ( Ll Lr ) -> ( Pu )
2026-10-07 06:05:27.391 Df Streamarr[64956:10ae95a] [com.apple.UIKit:Orientation] <_UIKeyboardInputScene: 0x112158a00> (KeyboardInputScene-com.apple.frontboard.systemappservices/FBSceneManager:sceneID%3Adev.streamarr.app-default) Scene will change interface orientation: portrait (1)
2026-10-07 06:05:27.417 Df Streamarr[64956:10ae95a] [com.apple.UIKit:Orientation] <UIWindowScene: 0x111d12080> (09862E33-E39C-4518-90FF-C2208DF2D40E) Scene will change interface orientation: portrait (1)
2026-10-07 06:06:11.923 Df Streamarr[64956:10ae95a] [com.apple.UIKit:Orientation] <UIWindowScene: 0x111d12080> (09862E33-E39C-4518-90FF-C2208DF2D40E) Scene updated orientation preferences: ( Pu ) -> ( Ll Lr )
2026-10-07 06:06:11.935 Df Streamarr[64956:10ae95a] [com.apple.UIKit:Orientation] <UIWindowScene: 0x111d12080> (09862E33-E39C-4518-90FF-C2208DF2D40E) Scene updated orientation preferences: ( Ll Lr ) -> ( Pu )
2026-10-07 06:06:12.064 Df Streamarr[64956:10ae95a] [com.apple.UIKit:Orientation] <UIWindowScene: 0x111d12080> (09862E33-E39C-4518-90FF-C2208DF2D40E) Scene will change interface orientation: landscapeRight (3)
2026-10-07 06:06:12.460 Df Streamarr[64956:10ae95a] [com.apple.UIKit:Orientation] <UIWindowScene: 0x111d12080> (09862E33-E39C-4518-90FF-C2208DF2D40E) Scene will change interface orientation: portrait (1)
2026-10-07 06:06:12.609 Df Streamarr[64956:10ae95a] [com.apple.UIKit:Orientation] <UIWindowScene: 0x111d12080> (09862E33-E39C-4518-90FF-C2208DF2D40E) Scene updated orientation preferences: ( Pu ) -> ( Ll Lr )
2026-10-07 06:06:12.630 Df Streamarr[64956:10ae95a] [com.apple.UIKit:Orientation] <_UIKeyboardInputScene: 0x112158a00> (KeyboardInputScene-com.apple.frontboard.systemappservices/FBSceneManager:sceneID%3Adev.streamarr.app-default) Scene will change interface orientation: landscapeRight (3)
2026-10-07 06:06:12.859 Df Streamarr[64956:10ae95a] [com.apple.UIKit:Orientation] <UIWindowScene: 0x111d12080> (09862E33-E39C-4518-90FF-C2208DF2D40E) Scene will change interface orientation: landscapeRight (3)
2026-10-07 06:06:21.617 Df Streamarr[64956:10ae95a] [com.apple.UIKit:Orientation] <UIWindowScene: 0x111d12080> (09862E33-E39C-4518-90FF-C2208DF2D40E) Scene updated orientation preferences: ( Ll Lr ) -> ( Lr )
2026-10-07 06:06:21.628 Df Streamarr[64956:10ae95a] [com.apple.UIKit:Orientation] <UIWindowScene: 0x111d12080> (09862E33-E39C-4518-90FF-C2208DF2D40E) Scene updated orientation preferences: ( Lr ) -> ( Ll Lr )
2026-10-07 06:06:23.145 Df Streamarr[64956:10ae95a] [com.apple.UIKit:Orientation] <UIWindowScene: 0x111d12080> (09862E33-E39C-4518-90FF-C2208DF2D40E) Scene updated orientation preferences: ( Ll Lr ) -> ( Lr )
2026-10-07 06:06:23.147 Df Streamarr[64956:10ae95a] [com.apple.UIKit:Orientation] <UIWindowScene: 0x111d12080> (09862E33-E39C-4518-90FF-C2208DF2D40E) Scene updated orientation preferences: ( Lr ) -> ( Ll Lr )
2026-10-07 06:06:40.412 Df Streamarr[64956:10ae95a] [com.apple.UIKit:Orientation] <UIWindowScene: 0x111d12080> (09862E33-E39C-4518-90FF-C2208DF2D40E) Scene updated orientation preferences: ( Ll Lr ) -> ( Pu )
2026-10-07 06:06:40.429 Df Streamarr[64956:10ae95a] [com.apple.UIKit:Orientation] <_UIKeyboardInputScene: 0x112158a00> (KeyboardInputScene-com.apple.frontboard.systemappservices/FBSceneManager:sceneID%3Adev.streamarr.app-default) Scene will change interface orientation: portrait (1)
2026-10-07 06:06:40.435 Df Streamarr[64956:10ae95a] [com.apple.UIKit:Orientation] <UIWindowScene: 0x111d12080> (09862E33-E39C-4518-90FF-C2208DF2D40E) Scene will change interface orientation: portrait (1)
2026-10-07 06:06:57.314 Df Streamarr[64956:10ae95a] [com.apple.UIKit:Orientation] <UIWindowScene: 0x111d12080> (09862E33-E39C-4518-90FF-C2208DF2D40E) Scene updated orientation preferences: ( Pu ) -> ( Ll Lr )
2026-10-07 06:06:57.323 Df Streamarr[64956:10ae95a] [com.apple.UIKit:Orientation] <UIWindowScene: 0x111d12080> (09862E33-E39C-4518-90FF-C2208DF2D40E) Scene updated orientation preferences: ( Ll Lr ) -> ( Pu )
2026-10-07 06:06:57.424 Df Streamarr[64956:10ae95a] [com.apple.UIKit:Orientation] <UIWindowScene: 0x111d12080> (09862E33-E39C-4518-90FF-C2208DF2D40E) Scene will change interface orientation: landscapeRight (3)
2026-10-07 06:06:57.811 Df Streamarr[64956:10ae95a] [com.apple.UIKit:Orientation] <UIWindowScene: 0x111d12080> (09862E33-E39C-4518-90FF-C2208DF2D40E) Scene will change interface orientation: portrait (1)
2026-10-07 06:06:57.976 Df Streamarr[64956:10ae95a] [com.apple.UIKit:Orientation] <UIWindowScene: 0x111d12080> (09862E33-E39C-4518-90FF-C2208DF2D40E) Scene updated orientation preferences: ( Pu ) -> ( Ll Lr )
2026-10-07 06:06:57.998 Df Streamarr[64956:10ae95a] [com.apple.UIKit:Orientation] <_UIKeyboardInputScene: 0x112158a00> (KeyboardInputScene-com.apple.frontboard.systemappservices/FBSceneManager:sceneID%3Adev.streamarr.app-default) Scene will change interface orientation: landscapeRight (3)
2026-10-07 06:06:58.234 Df Streamarr[64956:10ae95a] [com.apple.UIKit:Orientation] <UIWindowScene: 0x111d12080> (09862E33-E39C-4518-90FF-C2208DF2D40E) Scene will change interface orientation: landscapeRight (3)
2026-10-07 06:07:02.785 Df Streamarr[64956:10ae95a] [com.apple.UIKit:Orientation] <UIWindowScene: 0x111d12080> (09862E33-E39C-4518-90FF-C2208DF2D40E) Scene updated orientation preferences: ( Ll Lr ) -> ( Lr )
2026-10-07 06:07:02.794 Df Streamarr[64956:10ae95a] [com.apple.UIKit:Orientation] <UIWindowScene: 0x111d12080> (09862E33-E39C-4518-90FF-C2208DF2D40E) Scene updated orientation preferences: ( Lr ) -> ( Ll Lr )
2026-10-07 06:07:04.308 Df Streamarr[64956:10ae95a] [com.apple.UIKit:Orientation] <UIWindowScene: 0x111d12080> (09862E33-E39C-4518-90FF-C2208DF2D40E) Scene updated orientation preferences: ( Ll Lr ) -> ( Lr )
2026-10-07 06:07:04.311 Df Streamarr[64956:10ae95a] [com.apple.UIKit:Orientation] <UIWindowScene: 0x111d12080> (09862E33-E39C-4518-90FF-C2208DF2D40E) Scene updated orientation preferences: ( Lr ) -> ( Ll Lr )
2026-10-07 06:07:32.930 Df Streamarr[64956:10ae95a] [com.apple.UIKit:Orientation] <UIWindowScene: 0x111d12080> (09862E33-E39C-4518-90FF-C2208DF2D40E) Scene updated orientation preferences: ( Ll Lr ) -> ( Pu )
2026-10-07 06:07:32.967 Df Streamarr[64956:10ae95a] [com.apple.UIKit:Orientation] <_UIKeyboardInputScene: 0x112158a00> (KeyboardInputScene-com.apple.frontboard.systemappservices/FBSceneManager:sceneID%3Adev.streamarr.app-default) Scene will change interface orientation: portrait (1)
2026-10-07 06:07:32.974 Df Streamarr[64956:10ae95a] [com.apple.UIKit:Orientation] <UIWindowScene: 0x111d12080> (09862E33-E39C-4518-90FF-C2208DF2D40E) Scene will change interface orientation: portrait (1)
2026-10-07 06:07:48.312 Df Streamarr[64956:10ae95a] [com.apple.UIKit:Orientation] <UIWindowScene: 0x111d12080> (09862E33-E39C-4518-90FF-C2208DF2D40E) Scene updated orientation preferences: ( Pu ) -> ( Ll Lr )
2026-10-07 06:07:48.323 Df Streamarr[64956:10ae95a] [com.apple.UIKit:Orientation] <UIWindowScene: 0x111d12080> (09862E33-E39C-4518-90FF-C2208DF2D40E) Scene updated orientation preferences: ( Ll Lr ) -> ( Pu )
2026-10-07 06:07:48.426 Df Streamarr[64956:10ae95a] [com.apple.UIKit:Orientation] <UIWindowScene: 0x111d12080> (09862E33-E39C-4518-90FF-C2208DF2D40E) Scene will change interface orientation: landscapeRight (3)
2026-10-07 06:07:48.813 Df Streamarr[64956:10ae95a] [com.apple.UIKit:Orientation] <UIWindowScene: 0x111d12080> (09862E33-E39C-4518-90FF-C2208DF2D40E) Scene will change interface orientation: portrait (1)
2026-10-07 06:07:48.998 Df Streamarr[64956:10ae95a] [com.apple.UIKit:Orientation] <UIWindowScene: 0x111d12080> (09862E33-E39C-4518-90FF-C2208DF2D40E) Scene updated orientation preferences: ( Pu ) -> ( Ll Lr )
2026-10-07 06:07:49.019 Df Streamarr[64956:10ae95a] [com.apple.UIKit:Orientation] <_UIKeyboardInputScene: 0x112158a00> (KeyboardInputScene-com.apple.frontboard.systemappservices/FBSceneManager:sceneID%3Adev.streamarr.app-default) Scene will change interface orientation: landscapeRight (3)
2026-10-07 06:07:49.171 Df Streamarr[64956:10ae95a] [com.apple.UIKit:Orientation] <UIWindowScene: 0x111d12080> (09862E33-E39C-4518-90FF-C2208DF2D40E) Scene will change interface orientation: landscapeRight (3)
2026-10-07 06:07:58.033 Df Streamarr[64956:10ae95a] [com.apple.UIKit:Orientation] <UIWindowScene: 0x111d12080> (09862E33-E39C-4518-90FF-C2208DF2D40E) Scene updated orientation preferences: ( Ll Lr ) -> ( Lr )
2026-10-07 06:07:58.042 Df Streamarr[64956:10ae95a] [com.apple.UIKit:Orientation] <UIWindowScene: 0x111d12080> (09862E33-E39C-4518-90FF-C2208DF2D40E) Scene updated orientation preferences: ( Lr ) -> ( Ll Lr )
2026-10-07 06:07:59.577 Df Streamarr[64956:10ae95a] [com.apple.UIKit:Orientation] <UIWindowScene: 0x111d12080> (09862E33-E39C-4518-90FF-C2208DF2D40E) Scene updated orientation preferences: ( Ll Lr ) -> ( Lr )
2026-10-07 06:07:59.579 Df Streamarr[64956:10ae95a] [com.apple.UIKit:Orientation] <UIWindowScene: 0x111d12080> (09862E33-E39C-4518-90FF-C2208DF2D40E) Scene updated orientation preferences: ( Lr ) -> ( Ll Lr )
2026-10-07 06:08:29.151 Df Streamarr[64956:10ae95a] [com.apple.UIKit:Orientation] <UIWindowScene: 0x111d12080> (09862E33-E39C-4518-90FF-C2208DF2D40E) Scene updated orientation preferences: ( Ll Lr ) -> ( Pu )
2026-10-07 06:08:29.170 Df Streamarr[64956:10ae95a] [com.apple.UIKit:Orientation] <_UIKeyboardInputScene: 0x112158a00> (KeyboardInputScene-com.apple.frontboard.systemappservices/FBSceneManager:sceneID%3Adev.streamarr.app-default) Scene will change interface orientation: portrait (1)
2026-10-07 06:08:29.179 Df Streamarr[64956:10ae95a] [com.apple.UIKit:Orientation] <UIWindowScene: 0x111d12080> (09862E33-E39C-4518-90FF-C2208DF2D40E) Scene will change interface orientation: portrait (1)
2026-10-07 06:08:43.834 Df Streamarr[64956:10ae95a] [com.apple.UIKit:Orientation] <UIWindowScene: 0x111d12080> (09862E33-E39C-4518-90FF-C2208DF2D40E) Scene updated orientation preferences: ( Pu ) -> ( Ll Lr )
2026-10-07 06:08:43.862 Df Streamarr[64956:10ae95a] [com.apple.UIKit:Orientation] <UIWindowScene: 0x111d12080> (09862E33-E39C-4518-90FF-C2208DF2D40E) Scene updated orientation preferences: ( Ll Lr ) -> ( Pu )
2026-10-07 06:08:43.866 Df Streamarr[64956:10ae95a] [com.apple.UIKit:Orientation] <_UIKeyboardInputScene: 0x112158a00> (KeyboardInputScene-com.apple.frontboard.systemappservices/FBSceneManager:sceneID%3Adev.streamarr.app-default) Scene will change interface orientation: landscapeRight (3)
2026-10-07 06:08:43.978 Df Streamarr[64956:10ae95a] [com.apple.UIKit:Orientation] <UIWindowScene: 0x111d12080> (09862E33-E39C-4518-90FF-C2208DF2D40E) Scene will change interface orientation: landscapeRight (3)
2026-10-07 06:08:44.007 Df Streamarr[64956:10ae95a] [com.apple.UIKit:Orientation] <_UIKeyboardInputScene: 0x112158a00> (KeyboardInputScene-com.apple.frontboard.systemappservices/FBSceneManager:sceneID%3Adev.streamarr.app-default) Scene will change interface orientation: portrait (1)
2026-10-07 06:08:44.353 Df Streamarr[64956:10ae95a] [com.apple.UIKit:Orientation] <UIWindowScene: 0x111d12080> (09862E33-E39C-4518-90FF-C2208DF2D40E) Scene will change interface orientation: portrait (1)
2026-10-07 06:08:44.526 Df Streamarr[64956:10ae95a] [com.apple.UIKit:Orientation] <UIWindowScene: 0x111d12080> (09862E33-E39C-4518-90FF-C2208DF2D40E) Scene updated orientation preferences: ( Pu ) -> ( Ll Lr )
2026-10-07 06:08:44.547 Df Streamarr[64956:10ae95a] [com.apple.UIKit:Orientation] <_UIKeyboardInputScene: 0x112158a00> (KeyboardInputScene-com.apple.frontboard.systemappservices/FBSceneManager:sceneID%3Adev.streamarr.app-default) Scene will change interface orientation: landscapeRight (3)
2026-10-07 06:08:44.773 Df Streamarr[64956:10ae95a] [com.apple.UIKit:Orientation] <UIWindowScene: 0x111d12080> (09862E33-E39C-4518-90FF-C2208DF2D40E) Scene will change interface orientation: landscapeRight (3)
2026-10-07 06:08:53.574 Df Streamarr[64956:10ae95a] [com.apple.UIKit:Orientation] <UIWindowScene: 0x111d12080> (09862E33-E39C-4518-90FF-C2208DF2D40E) Scene updated orientation preferences: ( Ll Lr ) -> ( Lr )
2026-10-07 06:08:53.589 Df Streamarr[64956:10ae95a] [com.apple.UIKit:Orientation] <UIWindowScene: 0x111d12080> (09862E33-E39C-4518-90FF-C2208DF2D40E) Scene updated orientation preferences: ( Lr ) -> ( Ll Lr )
2026-10-07 06:08:55.112 Df Streamarr[64956:10ae95a] [com.apple.UIKit:Orientation] <UIWindowScene: 0x111d12080> (09862E33-E39C-4518-90FF-C2208DF2D40E) Scene updated orientation preferences: ( Ll Lr ) -> ( Lr )
2026-10-07 06:08:55.114 Df Streamarr[64956:10ae95a] [com.apple.UIKit:Orientation] <UIWindowScene: 0x111d12080> (09862E33-E39C-4518-90FF-C2208DF2D40E) Scene updated orientation preferences: ( Lr ) -> ( Ll Lr )
2026-10-07 06:09:24.823 Df Streamarr[64956:10ae95a] [com.apple.UIKit:Orientation] <UIWindowScene: 0x111d12080> (09862E33-E39C-4518-90FF-C2208DF2D40E) Scene updated orientation preferences: ( Ll Lr ) -> ( Pu )
2026-10-07 06:09:24.850 Df Streamarr[64956:10ae95a] [com.apple.UIKit:Orientation] <UIWindowScene: 0x111d12080> (09862E33-E39C-4518-90FF-C2208DF2D40E) Scene will change interface orientation: portrait (1)
2026-10-07 06:09:24.890 Df Streamarr[64956:10ae95a] [com.apple.UIKit:Orientation] <_UIKeyboardInputScene: 0x112158a00> (KeyboardInputScene-com.apple.frontboard.systemappservices/FBSceneManager:sceneID%3Adev.streamarr.app-default) Scene will change interface orientation: portrait (1)
2026-10-07 06:09:41.905 Df Streamarr[64956:10ae95a] [com.apple.UIKit:Orientation] <UIWindowScene: 0x111d12080> (09862E33-E39C-4518-90FF-C2208DF2D40E) Scene updated orientation preferences: ( Pu ) -> ( Ll Lr )
2026-10-07 06:09:41.916 Df Streamarr[64956:10ae95a] [com.apple.UIKit:Orientation] <UIWindowScene: 0x111d12080> (09862E33-E39C-4518-90FF-C2208DF2D40E) Scene updated orientation preferences: ( Ll Lr ) -> ( Pu )
2026-10-07 06:09:42.025 Df Streamarr[64956:10ae95a] [com.apple.UIKit:Orientation] <UIWindowScene: 0x111d12080> (09862E33-E39C-4518-90FF-C2208DF2D40E) Scene will change interface orientation: landscapeRight (3)
2026-10-07 06:09:42.410 Df Streamarr[64956:10ae95a] [com.apple.UIKit:Orientation] <UIWindowScene: 0x111d12080> (09862E33-E39C-4518-90FF-C2208DF2D40E) Scene will change interface orientation: portrait (1)
2026-10-07 06:09:42.576 Df Streamarr[64956:10ae95a] [com.apple.UIKit:Orientation] <UIWindowScene: 0x111d12080> (09862E33-E39C-4518-90FF-C2208DF2D40E) Scene updated orientation preferences: ( Pu ) -> ( Ll Lr )
2026-10-07 06:09:42.598 Df Streamarr[64956:10ae95a] [com.apple.UIKit:Orientation] <_UIKeyboardInputScene: 0x112158a00> (KeyboardInputScene-com.apple.frontboard.systemappservices/FBSceneManager:sceneID%3Adev.streamarr.app-default) Scene will change interface orientation: landscapeRight (3)
2026-10-07 06:09:42.855 Df Streamarr[64956:10ae95a] [com.apple.UIKit:Orientation] <UIWindowScene: 0x111d12080> (09862E33-E39C-4518-90FF-C2208DF2D40E) Scene will change interface orientation: landscapeRight (3)
2026-10-07 06:09:52.451 Df Streamarr[64956:10ae95a] [com.apple.UIKit:Orientation] <UIWindowScene: 0x111d12080> (09862E33-E39C-4518-90FF-C2208DF2D40E) Scene updated orientation preferences: ( Ll Lr ) -> ( Pu )
2026-10-07 06:09:52.489 Df Streamarr[64956:10ae95a] [com.apple.UIKit:Orientation] <_UIKeyboardInputScene: 0x112158a00> (KeyboardInputScene-com.apple.frontboard.systemappservices/FBSceneManager:sceneID%3Adev.streamarr.app-default) Scene will change interface orientation: portrait (1)
2026-10-07 06:09:52.493 Df Streamarr[64956:10ae95a] [com.apple.UIKit:Orientation] <UIWindowScene: 0x111d12080> (09862E33-E39C-4518-90FF-C2208DF2D40E) Scene will change interface orientation: portrait (1)
2026-10-07 06:10:12.243 Df Streamarr[64956:10ae95a] [com.apple.UIKit:Orientation] <UIWindowScene: 0x111d12080> (09862E33-E39C-4518-90FF-C2208DF2D40E) Scene updated orientation preferences: ( Pu ) -> ( Ll Lr )
2026-10-07 06:10:12.253 Df Streamarr[64956:10ae95a] [com.apple.UIKit:Orientation] <UIWindowScene: 0x111d12080> (09862E33-E39C-4518-90FF-C2208DF2D40E) Scene updated orientation preferences: ( Ll Lr ) -> ( Pu )
2026-10-07 06:10:12.382 Df Streamarr[64956:10ae95a] [com.apple.UIKit:Orientation] <UIWindowScene: 0x111d12080> (09862E33-E39C-4518-90FF-C2208DF2D40E) Scene will change interface orientation: landscapeRight (3)
2026-10-07 06:10:12.756 Df Streamarr[64956:10ae95a] [com.apple.UIKit:Orientation] <UIWindowScene: 0x111d12080> (09862E33-E39C-4518-90FF-C2208DF2D40E) Scene will change interface orientation: portrait (1)
2026-10-07 06:10:12.928 Df Streamarr[64956:10ae95a] [com.apple.UIKit:Orientation] <UIWindowScene: 0x111d12080> (09862E33-E39C-4518-90FF-C2208DF2D40E) Scene updated orientation preferences: ( Pu ) -> ( Ll Lr )
2026-10-07 06:10:12.960 Df Streamarr[64956:10ae95a] [com.apple.UIKit:Orientation] <_UIKeyboardInputScene: 0x112158a00> (KeyboardInputScene-com.apple.frontboard.systemappservices/FBSceneManager:sceneID%3Adev.streamarr.app-default) Scene will change interface orientation: landscapeRight (3)
2026-10-07 06:10:13.124 Df Streamarr[64956:10ae95a] [com.apple.UIKit:Orientation] <UIWindowScene: 0x111d12080> (09862E33-E39C-4518-90FF-C2208DF2D40E) Scene will change interface orientation: landscapeRight (3)
2026-10-07 06:10:22.746 Df Streamarr[64956:10ae95a] [com.apple.UIKit:Orientation] <UIWindowScene: 0x111d12080> (09862E33-E39C-4518-90FF-C2208DF2D40E) Scene updated orientation preferences: ( Ll Lr ) -> ( Pu )
2026-10-07 06:10:22.787 Df Streamarr[64956:10ae95a] [com.apple.UIKit:Orientation] <_UIKeyboardInputScene: 0x112158a00> (KeyboardInputScene-com.apple.frontboard.systemappservices/FBSceneManager:sceneID%3Adev.streamarr.app-default) Scene will change interface orientation: portrait (1)
2026-10-07 06:10:22.793 Df Streamarr[64956:10ae95a] [com.apple.UIKit:Orientation] <UIWindowScene: 0x111d12080> (09862E33-E39C-4518-90FF-C2208DF2D40E) Scene will change interface orientation: portrait (1)
2026-10-07 06:10:31.980 Df Streamarr[64956:10ae95a] [com.apple.UIKit:Orientation] <UIWindowScene: 0x111d12080> (09862E33-E39C-4518-90FF-C2208DF2D40E) Scene updated orientation preferences: ( Pu ) -> ( Ll Lr )
2026-10-07 06:10:31.991 Df Streamarr[64956:10ae95a] [com.apple.UIKit:Orientation] <UIWindowScene: 0x111d12080> (09862E33-E39C-4518-90FF-C2208DF2D40E) Scene updated orientation preferences: ( Ll Lr ) -> ( Pu )
2026-10-07 06:10:32.095 Df Streamarr[64956:10ae95a] [com.apple.UIKit:Orientation] <UIWindowScene: 0x111d12080> (09862E33-E39C-4518-90FF-C2208DF2D40E) Scene will change interface orientation: landscapeRight (3)
2026-10-07 06:10:32.478 Df Streamarr[64956:10ae95a] [com.apple.UIKit:Orientation] <UIWindowScene: 0x111d12080> (09862E33-E39C-4518-90FF-C2208DF2D40E) Scene will change interface orientation: portrait (1)
2026-10-07 06:10:32.664 Df Streamarr[64956:10ae95a] [com.apple.UIKit:Orientation] <UIWindowScene: 0x111d12080> (09862E33-E39C-4518-90FF-C2208DF2D40E) Scene updated orientation preferences: ( Pu ) -> ( Ll Lr )
2026-10-07 06:10:32.684 Df Streamarr[64956:10ae95a] [com.apple.UIKit:Orientation] <_UIKeyboardInputScene: 0x112158a00> (KeyboardInputScene-com.apple.frontboard.systemappservices/FBSceneManager:sceneID%3Adev.streamarr.app-default) Scene will change interface orientation: landscapeRight (3)
2026-10-07 06:10:32.837 Df Streamarr[64956:10ae95a] [com.apple.UIKit:Orientation] <UIWindowScene: 0x111d12080> (09862E33-E39C-4518-90FF-C2208DF2D40E) Scene will change interface orientation: landscapeRight (3)
2026-10-07 06:10:42.509 Df Streamarr[64956:10ae95a] [com.apple.UIKit:Orientation] <UIWindowScene: 0x111d12080> (09862E33-E39C-4518-90FF-C2208DF2D40E) Scene updated orientation preferences: ( Ll Lr ) -> ( Pu )
2026-10-07 06:10:42.524 Df Streamarr[64956:10ae95a] [com.apple.UIKit:Orientation] <_UIKeyboardInputScene: 0x112158a00> (KeyboardInputScene-com.apple.frontboard.systemappservices/FBSceneManager:sceneID%3Adev.streamarr.app-default) Scene will change interface orientation: portrait (1)
2026-10-07 06:10:42.552 Df Streamarr[64956:10ae95a] [com.apple.UIKit:Orientation] <UIWindowScene: 0x111d12080> (09862E33-E39C-4518-90FF-C2208DF2D40E) Scene will change interface orientation: portrait (1)
2026-10-07 06:10:59.985 Df Streamarr[64956:10ae95a] [com.apple.UIKit:Orientation] <UIWindowScene: 0x111d12080> (09862E33-E39C-4518-90FF-C2208DF2D40E) Scene updated orientation preferences: ( Pu ) -> ( Ll Lr )
2026-10-07 06:10:59.998 Df Streamarr[64956:10ae95a] [com.apple.UIKit:Orientation] <UIWindowScene: 0x111d12080> (09862E33-E39C-4518-90FF-C2208DF2D40E) Scene updated orientation preferences: ( Ll Lr ) -> ( Pu )
2026-10-07 06:11:00.420 Df Streamarr[64956:10ae95a] [com.apple.UIKit:Orientation] <UIWindowScene: 0x111d12080> (09862E33-E39C-4518-90FF-C2208DF2D40E) Scene will change interface orientation: landscapeRight (3)
2026-10-07 06:11:00.841 Df Streamarr[64956:10ae95a] [com.apple.UIKit:Orientation] <UIWindowScene: 0x111d12080> (09862E33-E39C-4518-90FF-C2208DF2D40E) Scene will change interface orientation: portrait (1)
2026-10-07 06:11:00.964 Df Streamarr[64956:10ae95a] [com.apple.UIKit:Orientation] <UIWindowScene: 0x111d12080> (09862E33-E39C-4518-90FF-C2208DF2D40E) Scene updated orientation preferences: ( Pu ) -> ( Ll Lr )
2026-10-07 06:11:00.992 Df Streamarr[64956:10ae95a] [com.apple.UIKit:Orientation] <_UIKeyboardInputScene: 0x112158a00> (KeyboardInputScene-com.apple.frontboard.systemappservices/FBSceneManager:sceneID%3Adev.streamarr.app-default) Scene will change interface orientation: landscapeRight (3)
2026-10-07 06:11:01.276 Df Streamarr[64956:10ae95a] [com.apple.UIKit:Orientation] <UIWindowScene: 0x111d12080> (09862E33-E39C-4518-90FF-C2208DF2D40E) Scene will change interface orientation: landscapeRight (3)
2026-10-07 06:11:12.245 Df Streamarr[64956:10ae95a] [com.apple.UIKit:Orientation] <UIWindowScene: 0x111d12080> (09862E33-E39C-4518-90FF-C2208DF2D40E) Scene updated orientation preferences: ( Ll Lr ) -> ( Pu )
2026-10-07 06:11:12.265 Df Streamarr[64956:10ae95a] [com.apple.UIKit:Orientation] <_UIKeyboardInputScene: 0x112158a00> (KeyboardInputScene-com.apple.frontboard.systemappservices/FBSceneManager:sceneID%3Adev.streamarr.app-default) Scene will change interface orientation: portrait (1)
2026-10-07 06:11:12.271 Df Streamarr[64956:10ae95a] [com.apple.UIKit:Orientation] <UIWindowScene: 0x111d12080> (09862E33-E39C-4518-90FF-C2208DF2D40E) Scene will change interface orientation: portrait (1)
2026-10-07 06:11:30.520 Df Streamarr[64956:10ae95a] [com.apple.UIKit:Orientation] <UIWindowScene: 0x111d12080> (09862E33-E39C-4518-90FF-C2208DF2D40E) Scene updated orientation preferences: ( Pu ) -> ( Ll Lr )
2026-10-07 06:11:30.530 Df Streamarr[64956:10ae95a] [com.apple.UIKit:Orientation] <UIWindowScene: 0x111d12080> (09862E33-E39C-4518-90FF-C2208DF2D40E) Scene updated orientation preferences: ( Ll Lr ) -> ( Pu )
2026-10-07 06:11:30.651 Df Streamarr[64956:10ae95a] [com.apple.UIKit:Orientation] <UIWindowScene: 0x111d12080> (09862E33-E39C-4518-90FF-C2208DF2D40E) Scene will change interface orientation: landscapeRight (3)
2026-10-07 06:11:31.027 Df Streamarr[64956:10ae95a] [com.apple.UIKit:Orientation] <UIWindowScene: 0x111d12080> (09862E33-E39C-4518-90FF-C2208DF2D40E) Scene will change interface orientation: portrait (1)
2026-10-07 06:11:31.196 Df Streamarr[64956:10ae95a] [com.apple.UIKit:Orientation] <UIWindowScene: 0x111d12080> (09862E33-E39C-4518-90FF-C2208DF2D40E) Scene updated orientation preferences: ( Pu ) -> ( Ll Lr )
2026-10-07 06:11:31.218 Df Streamarr[64956:10ae95a] [com.apple.UIKit:Orientation] <_UIKeyboardInputScene: 0x112158a00> (KeyboardInputScene-com.apple.frontboard.systemappservices/FBSceneManager:sceneID%3Adev.streamarr.app-default) Scene will change interface orientation: landscapeRight (3)
2026-10-07 06:11:31.385 Df Streamarr[64956:10ae95a] [com.apple.UIKit:Orientation] <UIWindowScene: 0x111d12080> (09862E33-E39C-4518-90FF-C2208DF2D40E) Scene will change interface orientation: landscapeRight (3)
2026-10-07 06:11:52.017 Df Streamarr[64956:10ae95a] [com.apple.UIKit:Orientation] <UIWindowScene: 0x111d12080> (09862E33-E39C-4518-90FF-C2208DF2D40E) Scene updated orientation preferences: ( Ll Lr ) -> ( Pu )
2026-10-07 06:11:52.051 Df Streamarr[64956:10ae95a] [com.apple.UIKit:Orientation] <_UIKeyboardInputScene: 0x112158a00> (KeyboardInputScene-com.apple.frontboard.systemappservices/FBSceneManager:sceneID%3Adev.streamarr.app-default) Scene will change interface orientation: portrait (1)
2026-10-07 06:11:52.057 Df Streamarr[64956:10ae95a] [com.apple.UIKit:Orientation] <UIWindowScene: 0x111d12080> (09862E33-E39C-4518-90FF-C2208DF2D40E) Scene will change interface orientation: portrait (1)
2026-10-07 06:12:16.725 Df Streamarr[64956:10ae95a] [com.apple.UIKit:Orientation] <UIWindowScene: 0x111d12080> (09862E33-E39C-4518-90FF-C2208DF2D40E) Scene updated orientation preferences: ( Pu ) -> ( Ll Lr )
2026-10-07 06:12:16.738 Df Streamarr[64956:10ae95a] [com.apple.UIKit:Orientation] <UIWindowScene: 0x111d12080> (09862E33-E39C-4518-90FF-C2208DF2D40E) Scene updated orientation preferences: ( Ll Lr ) -> ( Pu )
2026-10-07 06:12:17.009 Df Streamarr[64956:10ae95a] [com.apple.UIKit:Orientation] <UIWindowScene: 0x111d12080> (09862E33-E39C-4518-90FF-C2208DF2D40E) Scene will change interface orientation: landscapeRight (3)
2026-10-07 06:12:17.471 Df Streamarr[64956:10ae95a] [com.apple.UIKit:Orientation] <UIWindowScene: 0x111d12080> (09862E33-E39C-4518-90FF-C2208DF2D40E) Scene will change interface orientation: portrait (1)
2026-10-07 06:12:17.635 Df Streamarr[64956:10ae95a] [com.apple.UIKit:Orientation] <UIWindowScene: 0x111d12080> (09862E33-E39C-4518-90FF-C2208DF2D40E) Scene updated orientation preferences: ( Pu ) -> ( Ll Lr )
2026-10-07 06:12:17.654 Df Streamarr[64956:10ae95a] [com.apple.UIKit:Orientation] <_UIKeyboardInputScene: 0x112158a00> (KeyboardInputScene-com.apple.frontboard.systemappservices/FBSceneManager:sceneID%3Adev.streamarr.app-default) Scene will change interface orientation: landscapeRight (3)
2026-10-07 06:12:17.903 Df Streamarr[64956:10ae95a] [com.apple.UIKit:Orientation] <UIWindowScene: 0x111d12080> (09862E33-E39C-4518-90FF-C2208DF2D40E) Scene will change interface orientation: landscapeRight (3)
2026-10-07 06:12:28.966 Df Streamarr[64956:10ae95a] [com.apple.UIKit:Orientation] <UIWindowScene: 0x111d12080> (09862E33-E39C-4518-90FF-C2208DF2D40E) Scene updated orientation preferences: ( Ll Lr ) -> ( Pu )
2026-10-07 06:12:28.991 Df Streamarr[64956:10ae95a] [com.apple.UIKit:Orientation] <_UIKeyboardInputScene: 0x112158a00> (KeyboardInputScene-com.apple.frontboard.systemappservices/FBSceneManager:sceneID%3Adev.streamarr.app-default) Scene will change interface orientation: portrait (1)
2026-10-07 06:12:29.032 Df Streamarr[64956:10ae95a] [com.apple.UIKit:Orientation] <UIWindowScene: 0x111d12080> (09862E33-E39C-4518-90FF-C2208DF2D40E) Scene will change interface orientation: portrait (1)
2026-10-07 06:12:44.732 Df Streamarr[64956:10ae95a] [com.apple.UIKit:Orientation] <UIWindowScene: 0x111d12080> (09862E33-E39C-4518-90FF-C2208DF2D40E) Scene updated orientation preferences: ( Pu ) -> ( Ll Lr )
2026-10-07 06:12:44.776 Df Streamarr[64956:10ae95a] [com.apple.UIKit:Orientation] <UIWindowScene: 0x111d12080> (09862E33-E39C-4518-90FF-C2208DF2D40E) Scene will change interface orientation: landscapeRight (3)
2026-10-07 06:12:44.978 Df Streamarr[64956:10ae95a] [com.apple.UIKit:Orientation] <UIWindowScene: 0x111d12080> (09862E33-E39C-4518-90FF-C2208DF2D40E) Scene updated orientation preferences: ( Ll Lr ) -> ( Lr )
2026-10-07 06:12:45.397 Df Streamarr[64956:10ae95a] [com.apple.UIKit:Orientation] <_UIKeyboardInputScene: 0x112158a00> (KeyboardInputScene-com.apple.frontboard.systemappservices/FBSceneManager:sceneID%3Adev.streamarr.app-default) Scene will change interface orientation: landscapeRight (3)
2026-10-07 06:12:45.920 Df Streamarr[64956:10ae95a] [com.apple.UIKit:Orientation] <UIWindowScene: 0x111d12080> (09862E33-E39C-4518-90FF-C2208DF2D40E) Scene updated orientation preferences: ( Lr ) -> ( Ll Lr )
2026-10-07 06:12:59.291 Df Streamarr[64956:10ae95a] [com.apple.UIKit:Orientation] <UIWindowScene: 0x111d12080> (09862E33-E39C-4518-90FF-C2208DF2D40E) Scene updated orientation preferences: ( Ll Lr ) -> ( Pu )
2026-10-07 06:12:59.354 Df Streamarr[64956:10ae95a] [com.apple.UIKit:Orientation] <_UIKeyboardInputScene: 0x112158a00> (KeyboardInputScene-com.apple.frontboard.systemappservices/FBSceneManager:sceneID%3Adev.streamarr.app-default) Scene will change interface orientation: portrait (1)
2026-10-07 06:12:59.363 Df Streamarr[64956:10ae95a] [com.apple.UIKit:Orientation] <UIWindowScene: 0x111d12080> (09862E33-E39C-4518-90FF-C2208DF2D40E) Scene will change interface orientation: portrait (1)
2026-10-07 06:13:15.849 Df Streamarr[64956:10ae95a] [com.apple.UIKit:Orientation] <UIWindowScene: 0x111d12080> (09862E33-E39C-4518-90FF-C2208DF2D40E) Scene updated orientation preferences: ( Pu ) -> ( Ll Lr )
2026-10-07 06:13:15.910 Df Streamarr[64956:10ae95a] [com.apple.UIKit:Orientation] <_UIKeyboardInputScene: 0x112158a00> (KeyboardInputScene-com.apple.frontboard.systemappservices/FBSceneManager:sceneID%3Adev.streamarr.app-default) Scene will change interface orientation: landscapeRight (3)
2026-10-07 06:13:15.912 Df Streamarr[64956:10ae95a] [com.apple.UIKit:Orientation] <UIWindowScene: 0x111d12080> (09862E33-E39C-4518-90FF-C2208DF2D40E) Scene updated orientation preferences: ( Ll Lr ) -> ( Pu )
2026-10-07 06:13:16.174 Df Streamarr[64956:10ae95a] [com.apple.UIKit:Orientation] <UIWindowScene: 0x111d12080> (09862E33-E39C-4518-90FF-C2208DF2D40E) Scene will change interface orientation: landscapeRight (3)
2026-10-07 06:13:16.348 Df Streamarr[64956:10ae95a] [com.apple.UIKit:Orientation] <_UIKeyboardInputScene: 0x112158a00> (KeyboardInputScene-com.apple.frontboard.systemappservices/FBSceneManager:sceneID%3Adev.streamarr.app-default) Scene will change interface orientation: portrait (1)
2026-10-07 06:13:16.702 Df Streamarr[64956:10ae95a] [com.apple.UIKit:Orientation] <UIWindowScene: 0x111d12080> (09862E33-E39C-4518-90FF-C2208DF2D40E) Scene will change interface orientation: portrait (1)
2026-10-07 06:13:16.854 Df Streamarr[64956:10ae95a] [com.apple.UIKit:Orientation] <UIWindowScene: 0x111d12080> (09862E33-E39C-4518-90FF-C2208DF2D40E) Scene updated orientation preferences: ( Pu ) -> ( Ll Lr )
2026-10-07 06:13:16.874 Df Streamarr[64956:10ae95a] [com.apple.UIKit:Orientation] <_UIKeyboardInputScene: 0x112158a00> (KeyboardInputScene-com.apple.frontboard.systemappservices/FBSceneManager:sceneID%3Adev.streamarr.app-default) Scene will change interface orientation: landscapeRight (3)
2026-10-07 06:13:17.141 Df Streamarr[64956:10ae95a] [com.apple.UIKit:Orientation] <UIWindowScene: 0x111d12080> (09862E33-E39C-4518-90FF-C2208DF2D40E) Scene will change interface orientation: landscapeRight (3)
2026-10-07 06:13:29.074 Df Streamarr[64956:10ae95a] [com.apple.UIKit:Orientation] <UIWindowScene: 0x111d12080> (09862E33-E39C-4518-90FF-C2208DF2D40E) Scene updated orientation preferences: ( Ll Lr ) -> ( Pu )
2026-10-07 06:13:29.098 Df Streamarr[64956:10ae95a] [com.apple.UIKit:Orientation] <_UIKeyboardInputScene: 0x112158a00> (KeyboardInputScene-com.apple.frontboard.systemappservices/FBSceneManager:sceneID%3Adev.streamarr.app-default) Scene will change interface orientation: portrait (1)
2026-10-07 06:13:29.116 Df Streamarr[64956:10ae95a] [com.apple.UIKit:Orientation] <UIWindowScene: 0x111d12080> (09862E33-E39C-4518-90FF-C2208DF2D40E) Scene will change interface orientation: portrait (1)
2026-10-07 06:13:43.114 Df Streamarr[64956:10ae95a] [com.apple.UIKit:Orientation] <UIWindowScene: 0x111d12080> (09862E33-E39C-4518-90FF-C2208DF2D40E) Scene updated orientation preferences: ( Pu ) -> ( Ll Lr )
2026-10-07 06:13:43.178 Df Streamarr[64956:10ae95a] [com.apple.UIKit:Orientation] <UIWindowScene: 0x111d12080> (09862E33-E39C-4518-90FF-C2208DF2D40E) Scene updated orientation preferences: ( Ll Lr ) -> ( Pu )
2026-10-07 06:13:43.593 Df Streamarr[64956:10ae95a] [com.apple.UIKit:Orientation] <UIWindowScene: 0x111d12080> (09862E33-E39C-4518-90FF-C2208DF2D40E) Scene will change interface orientation: landscapeRight (3)
2026-10-07 06:13:44.183 Df Streamarr[64956:10ae95a] [com.apple.UIKit:Orientation] <UIWindowScene: 0x111d12080> (09862E33-E39C-4518-90FF-C2208DF2D40E) Scene will change interface orientation: portrait (1)
2026-10-07 06:13:44.430 Df Streamarr[64956:10ae95a] [com.apple.UIKit:Orientation] <UIWindowScene: 0x111d12080> (09862E33-E39C-4518-90FF-C2208DF2D40E) Scene updated orientation preferences: ( Pu ) -> ( Ll Lr )
2026-10-07 06:13:44.464 Df Streamarr[64956:10ae95a] [com.apple.UIKit:Orientation] <_UIKeyboardInputScene: 0x112158a00> (KeyboardInputScene-com.apple.frontboard.systemappservices/FBSceneManager:sceneID%3Adev.streamarr.app-default) Scene will change interface orientation: landscapeRight (3)
2026-10-07 06:13:44.758 Df Streamarr[64956:10ae95a] [com.apple.UIKit:Orientation] <UIWindowScene: 0x111d12080> (09862E33-E39C-4518-90FF-C2208DF2D40E) Scene will change interface orientation: landscapeRight (3)
2026-10-07 06:14:00.000 Df Streamarr[64956:10ae95a] [com.apple.UIKit:Orientation] <UIWindowScene: 0x111d12080> (09862E33-E39C-4518-90FF-C2208DF2D40E) Scene updated orientation preferences: ( Ll Lr ) -> ( Pu )
2026-10-07 06:14:00.655 Df Streamarr[64956:10ae95a] [com.apple.UIKit:Orientation] <UIWindowScene: 0x111d12080> (09862E33-E39C-4518-90FF-C2208DF2D40E) Scene will change interface orientation: portrait (1)
2026-10-07 06:14:00.732 Df Streamarr[64956:10ae95a] [com.apple.UIKit:Orientation] <_UIKeyboardInputScene: 0x112158a00> (KeyboardInputScene-com.apple.frontboard.systemappservices/FBSceneManager:sceneID%3Adev.streamarr.app-default) Scene will change interface orientation: portrait (1)
2026-10-07 06:14:32.496 Df Streamarr[64956:10ae95a] [com.apple.UIKit:Orientation] <UIWindowScene: 0x111d12080> (09862E33-E39C-4518-90FF-C2208DF2D40E) Scene updated orientation preferences: ( Pu ) -> ( Ll Lr )
2026-10-07 06:14:32.551 Df Streamarr[64956:10ae95a] [com.apple.UIKit:Orientation] <UIWindowScene: 0x111d12080> (09862E33-E39C-4518-90FF-C2208DF2D40E) Scene updated orientation preferences: ( Ll Lr ) -> ( Pu )
2026-10-07 06:14:33.645 Df Streamarr[64956:10ae95a] [com.apple.UIKit:Orientation] <UIWindowScene: 0x111d12080> (09862E33-E39C-4518-90FF-C2208DF2D40E) Scene updated orientation preferences: ( Pu ) -> ( Ll Lr )
2026-10-07 06:14:33.695 Df Streamarr[64956:10ae95a] [com.apple.UIKit:Orientation] <UIWindowScene: 0x111d12080> (09862E33-E39C-4518-90FF-C2208DF2D40E) Scene will change interface orientation: landscapeRight (3)
2026-10-07 06:14:33.841 Df Streamarr[64956:10ae95a] [com.apple.UIKit:Orientation] <_UIKeyboardInputScene: 0x112158a00> (KeyboardInputScene-com.apple.frontboard.systemappservices/FBSceneManager:sceneID%3Adev.streamarr.app-default) Scene will change interface orientation: landscapeRight (3)
2026-10-07 06:14:43.159 Df Streamarr[64956:10ae95a] [com.apple.UIKit:Orientation] <UIWindowScene: 0x111d12080> (09862E33-E39C-4518-90FF-C2208DF2D40E) Scene updated orientation preferences: ( Ll Lr ) -> ( Pu )
2026-10-07 06:14:43.186 Df Streamarr[64956:10ae95a] [com.apple.UIKit:Orientation] <_UIKeyboardInputScene: 0x112158a00> (KeyboardInputScene-com.apple.frontboard.systemappservices/FBSceneManager:sceneID%3Adev.streamarr.app-default) Scene will change interface orientation: portrait (1)
2026-10-07 06:14:43.199 Df Streamarr[64956:10ae95a] [com.apple.UIKit:Orientation] <UIWindowScene: 0x111d12080> (09862E33-E39C-4518-90FF-C2208DF2D40E) Scene will change interface orientation: portrait (1)
2026-10-07 06:15:03.724 Df Streamarr[64956:10ae95a] [com.apple.UIKit:Orientation] <UIWindowScene: 0x111d12080> (09862E33-E39C-4518-90FF-C2208DF2D40E) Scene updated orientation preferences: ( Pu ) -> ( Ll Lr )
2026-10-07 06:15:03.764 Df Streamarr[64956:10ae95a] [com.apple.UIKit:Orientation] <UIWindowScene: 0x111d12080> (09862E33-E39C-4518-90FF-C2208DF2D40E) Scene updated orientation preferences: ( Ll Lr ) -> ( Pu )
2026-10-07 06:15:04.129 Df Streamarr[64956:10ae95a] [com.apple.UIKit:Orientation] <UIWindowScene: 0x111d12080> (09862E33-E39C-4518-90FF-C2208DF2D40E) Scene will change interface orientation: landscapeRight (3)
2026-10-07 06:15:04.592 Df Streamarr[64956:10ae95a] [com.apple.UIKit:Orientation] <UIWindowScene: 0x111d12080> (09862E33-E39C-4518-90FF-C2208DF2D40E) Scene will change interface orientation: portrait (1)
2026-10-07 06:15:04.751 Df Streamarr[64956:10ae95a] [com.apple.UIKit:Orientation] <UIWindowScene: 0x111d12080> (09862E33-E39C-4518-90FF-C2208DF2D40E) Scene updated orientation preferences: ( Pu ) -> ( Ll Lr )
2026-10-07 06:15:04.779 Df Streamarr[64956:10ae95a] [com.apple.UIKit:Orientation] <_UIKeyboardInputScene: 0x112158a00> (KeyboardInputScene-com.apple.frontboard.systemappservices/FBSceneManager:sceneID%3Adev.streamarr.app-default) Scene will change interface orientation: landscapeRight (3)
2026-10-07 06:15:05.041 Df Streamarr[64956:10ae95a] [com.apple.UIKit:Orientation] <UIWindowScene: 0x111d12080> (09862E33-E39C-4518-90FF-C2208DF2D40E) Scene will change interface orientation: landscapeRight (3)
2026-10-07 06:15:11.867 Df Streamarr[64956:10ae95a] [com.apple.UIKit:Orientation] <UIWindowScene: 0x111d12080> (09862E33-E39C-4518-90FF-C2208DF2D40E) Scene updated orientation preferences: ( Ll Lr ) -> ( Pu )
2026-10-07 06:15:11.886 Df Streamarr[64956:10ae95a] [com.apple.UIKit:Orientation] <_UIKeyboardInputScene: 0x112158a00> (KeyboardInputScene-com.apple.frontboard.systemappservices/FBSceneManager:sceneID%3Adev.streamarr.app-default) Scene will change interface orientation: portrait (1)
2026-10-07 06:15:11.897 Df Streamarr[64956:10ae95a] [com.apple.UIKit:Orientation] <UIWindowScene: 0x111d12080> (09862E33-E39C-4518-90FF-C2208DF2D40E) Scene will change interface orientation: portrait (1)
2026-10-07 06:15:25.472 Df Streamarr[64956:10ae95a] [com.apple.UIKit:Orientation] <UIWindowScene: 0x111d12080> (09862E33-E39C-4518-90FF-C2208DF2D40E) Scene updated orientation preferences: ( Pu ) -> ( Ll Lr )
2026-10-07 06:15:25.532 Df Streamarr[64956:10ae95a] [com.apple.UIKit:Orientation] <UIWindowScene: 0x111d12080> (09862E33-E39C-4518-90FF-C2208DF2D40E) Scene updated orientation preferences: ( Ll Lr ) -> ( Pu )
2026-10-07 06:15:26.143 Df Streamarr[64956:10ae95a] [com.apple.UIKit:Orientation] <UIWindowScene: 0x111d12080> (09862E33-E39C-4518-90FF-C2208DF2D40E) Scene will change interface orientation: landscapeRight (3)
2026-10-07 06:15:26.409 Df Streamarr[64956:10ae95a] [com.apple.UIKit:Orientation] <UIWindowScene: 0x111d12080> (09862E33-E39C-4518-90FF-C2208DF2D40E) Scene will change interface orientation: portrait (1)
2026-10-07 06:15:26.582 Df Streamarr[64956:10ae95a] [com.apple.UIKit:Orientation] <UIWindowScene: 0x111d12080> (09862E33-E39C-4518-90FF-C2208DF2D40E) Scene updated orientation preferences: ( Pu ) -> ( Ll Lr )
2026-10-07 06:15:26.609 Df Streamarr[64956:10ae95a] [com.apple.UIKit:Orientation] <_UIKeyboardInputScene: 0x112158a00> (KeyboardInputScene-com.apple.frontboard.systemappservices/FBSceneManager:sceneID%3Adev.streamarr.app-default) Scene will change interface orientation: landscapeRight (3)
2026-10-07 06:15:26.836 Df Streamarr[64956:10ae95a] [com.apple.UIKit:Orientation] <UIWindowScene: 0x111d12080> (09862E33-E39C-4518-90FF-C2208DF2D40E) Scene will change interface orientation: landscapeRight (3)
2026-10-07 06:15:30.783 Df Streamarr[64956:10ae95a] [com.apple.UIKit:Orientation] <UIWindowScene: 0x111d12080> (09862E33-E39C-4518-90FF-C2208DF2D40E) Scene updated orientation preferences: ( Ll Lr ) -> ( Pu )
2026-10-07 06:15:30.804 Df Streamarr[64956:10ae95a] [com.apple.UIKit:Orientation] <_UIKeyboardInputScene: 0x112158a00> (KeyboardInputScene-com.apple.frontboard.systemappservices/FBSceneManager:sceneID%3Adev.streamarr.app-default) Scene will change interface orientation: portrait (1)
2026-10-07 06:15:30.814 Df Streamarr[64956:10ae95a] [com.apple.UIKit:Orientation] <UIWindowScene: 0x111d12080> (09862E33-E39C-4518-90FF-C2208DF2D40E) Scene will change interface orientation: portrait (1)
2026-10-07 06:15:48.375 Df Streamarr[64956:10ae95a] [com.apple.UIKit:Orientation] <UIWindowScene: 0x111d12080> (09862E33-E39C-4518-90FF-C2208DF2D40E) Scene updated orientation preferences: ( Pu ) -> ( Ll Lr )
2026-10-07 06:15:48.438 Df Streamarr[64956:10ae95a] [com.apple.UIKit:Orientation] <UIWindowScene: 0x111d12080> (09862E33-E39C-4518-90FF-C2208DF2D40E) Scene updated orientation preferences: ( Ll Lr ) -> ( Pu )
2026-10-07 06:15:48.852 Df Streamarr[64956:10ae95a] [com.apple.UIKit:Orientation] <UIWindowScene: 0x111d12080> (09862E33-E39C-4518-90FF-C2208DF2D40E) Scene will change interface orientation: landscapeRight (3)
2026-10-07 06:15:49.305 Df Streamarr[64956:10ae95a] [com.apple.UIKit:Orientation] <UIWindowScene: 0x111d12080> (09862E33-E39C-4518-90FF-C2208DF2D40E) Scene will change interface orientation: portrait (1)
2026-10-07 06:15:49.484 Df Streamarr[64956:10ae95a] [com.apple.UIKit:Orientation] <UIWindowScene: 0x111d12080> (09862E33-E39C-4518-90FF-C2208DF2D40E) Scene updated orientation preferences: ( Pu ) -> ( Ll Lr )
2026-10-07 06:15:49.504 Df Streamarr[64956:10ae95a] [com.apple.UIKit:Orientation] <_UIKeyboardInputScene: 0x112158a00> (KeyboardInputScene-com.apple.frontboard.systemappservices/FBSceneManager:sceneID%3Adev.streamarr.app-default) Scene will change interface orientation: landscapeRight (3)
2026-10-07 06:15:49.737 Df Streamarr[64956:10ae95a] [com.apple.UIKit:Orientation] <UIWindowScene: 0x111d12080> (09862E33-E39C-4518-90FF-C2208DF2D40E) Scene will change interface orientation: landscapeRight (3)
2026-10-07 06:15:53.676 Df Streamarr[64956:10ae95a] [com.apple.UIKit:Orientation] <UIWindowScene: 0x111d12080> (09862E33-E39C-4518-90FF-C2208DF2D40E) Scene updated orientation preferences: ( Ll Lr ) -> ( Pu )
2026-10-07 06:15:53.701 Df Streamarr[64956:10ae95a] [com.apple.UIKit:Orientation] <_UIKeyboardInputScene: 0x112158a00> (KeyboardInputScene-com.apple.frontboard.systemappservices/FBSceneManager:sceneID%3Adev.streamarr.app-default) Scene will change interface orientation: portrait (1)
2026-10-07 06:15:53.715 Df Streamarr[64956:10ae95a] [com.apple.UIKit:Orientation] <UIWindowScene: 0x111d12080> (09862E33-E39C-4518-90FF-C2208DF2D40E) Scene will change interface orientation: portrait (1)
2026-10-07 06:16:18.682 Df Streamarr[64956:10ae95a] [com.apple.UIKit:Orientation] <UIWindowScene: 0x111d12080> (09862E33-E39C-4518-90FF-C2208DF2D40E) Scene updated orientation preferences: ( Pu ) -> ( Ll Lr )
2026-10-07 06:16:18.748 Df Streamarr[64956:10ae95a] [com.apple.UIKit:Orientation] <UIWindowScene: 0x111d12080> (09862E33-E39C-4518-90FF-C2208DF2D40E) Scene updated orientation preferences: ( Ll Lr ) -> ( Pu )
2026-10-07 06:16:19.748 Df Streamarr[64956:10ae95a] [com.apple.UIKit:Orientation] <UIWindowScene: 0x111d12080> (09862E33-E39C-4518-90FF-C2208DF2D40E) Scene will change interface orientation: landscapeRight (3)
2026-10-07 06:16:19.915 Df Streamarr[64956:10ae95a] [com.apple.UIKit:Orientation] <UIWindowScene: 0x111d12080> (09862E33-E39C-4518-90FF-C2208DF2D40E) Scene will change interface orientation: portrait (1)
2026-10-07 06:16:20.058 Df Streamarr[64956:10ae95a] [com.apple.UIKit:Orientation] <UIWindowScene: 0x111d12080> (09862E33-E39C-4518-90FF-C2208DF2D40E) Scene updated orientation preferences: ( Pu ) -> ( Ll Lr )
2026-10-07 06:16:20.088 Df Streamarr[64956:10ae95a] [com.apple.UIKit:Orientation] <_UIKeyboardInputScene: 0x112158a00> (KeyboardInputScene-com.apple.frontboard.systemappservices/FBSceneManager:sceneID%3Adev.streamarr.app-default) Scene will change interface orientation: landscapeRight (3)
2026-10-07 06:16:20.341 Df Streamarr[64956:10ae95a] [com.apple.UIKit:Orientation] <UIWindowScene: 0x111d12080> (09862E33-E39C-4518-90FF-C2208DF2D40E) Scene will change interface orientation: landscapeRight (3)
2026-10-07 06:16:25.406 Df Streamarr[64956:10ae95a] [com.apple.UIKit:Orientation] <UIWindowScene: 0x111d12080> (09862E33-E39C-4518-90FF-C2208DF2D40E) Scene updated orientation preferences: ( Ll Lr ) -> ( Pu )
2026-10-07 06:16:25.424 Df Streamarr[64956:10ae95a] [com.apple.UIKit:Orientation] <_UIKeyboardInputScene: 0x112158a00> (KeyboardInputScene-com.apple.frontboard.systemappservices/FBSceneManager:sceneID%3Adev.streamarr.app-default) Scene will change interface orientation: portrait (1)
2026-10-07 06:16:25.441 Df Streamarr[64956:10ae95a] [com.apple.UIKit:Orientation] <UIWindowScene: 0x111d12080> (09862E33-E39C-4518-90FF-C2208DF2D40E) Scene will change interface orientation: portrait (1)
2026-10-07 06:16:50.738 Df Streamarr[64956:10ae95a] [com.apple.UIKit:Orientation] <UIWindowScene: 0x111d12080> (09862E33-E39C-4518-90FF-C2208DF2D40E) Scene updated orientation preferences: ( Pu ) -> ( Pu Ll Lr )
2026-10-07 06:16:50.789 Df Streamarr[64956:10ae95a] [com.apple.UIKit:Orientation] <UIWindowScene: 0x111d12080> (09862E33-E39C-4518-90FF-C2208DF2D40E) Scene will change interface orientation: landscapeRight (3)
2026-10-07 06:16:51.198 Df Streamarr[64956:10ae95a] [com.apple.UIKit:Orientation] <_UIKeyboardInputScene: 0x112158a00> (KeyboardInputScene-com.apple.frontboard.systemappservices/FBSceneManager:sceneID%3Adev.streamarr.app-default) Scene will change interface orientation: landscapeRight (3)
2026-10-07 06:16:58.533 Df Streamarr[64956:10ae95a] [com.apple.UIKit:Orientation] <UIWindowScene: 0x111d12080> (09862E33-E39C-4518-90FF-C2208DF2D40E) Scene will change interface orientation: portrait (1)
2026-10-07 06:16:58.800 Df Streamarr[64956:10ae95a] [com.apple.UIKit:Orientation] <_UIKeyboardInputScene: 0x112158a00> (KeyboardInputScene-com.apple.frontboard.systemappservices/FBSceneManager:sceneID%3Adev.streamarr.app-default) Scene will change interface orientation: portrait (1)
