Timestamp               Ty Process[PID:TID]
2026-10-07 03:50:11.358 Df Streamarr[21644:102ebde] [com.apple.UIKit:Orientation] <UIWindowScene: 0x10b0ce300> (09862E33-E39C-4518-90FF-C2208DF2D40E) Scene updated orientation preferences: ( Ll Lr ) -> ( Pu Ll Lr )
2026-10-07 03:50:11.383 E  Streamarr[21644:102ebde] [com.apple.UIKit:Orientation] BUG IN CLIENT OF UIKIT: Setting UIDevice.orientation is not supported. Please use UIWindowScene.requestGeometryUpdate(_:)
2026-10-07 03:50:12.636 Df Streamarr[21644:102ebde] [com.apple.UIKit:Orientation] <UIWindowScene: 0x10b0ce300> (09862E33-E39C-4518-90FF-C2208DF2D40E) Scene updated orientation preferences: ( Pu Ll Lr ) -> ( Lr )
2026-10-07 03:50:13.566 Df Streamarr[21644:102ebde] [com.apple.UIKit:Orientation] <UIWindowScene: 0x10b0ce300> (09862E33-E39C-4518-90FF-C2208DF2D40E) Scene updated orientation preferences: ( Lr ) -> ( Pu Ll Lr )
2026-10-07 03:50:28.260 Df Streamarr[21644:102ebde] [com.apple.UIKit:Orientation] <UIWindowScene: 0x10b0ce300> (09862E33-E39C-4518-90FF-C2208DF2D40E) Scene updated orientation preferences: ( Pu Ll Lr ) -> ( Pu )
2026-10-07 03:50:28.298 E  Streamarr[21644:102ebde] [com.apple.UIKit:Orientation] BUG IN CLIENT OF UIKIT: Setting UIDevice.orientation is not supported. Please use UIWindowScene.requestGeometryUpdate(_:)
2026-10-07 03:50:29.233 Df Streamarr[21644:102ebde] [com.apple.UIKit:Orientation] <_UIKeyboardInputScene: 0x1047a8780> (KeyboardInputScene-com.apple.frontboard.systemappservices/FBSceneManager:sceneID%3Adev.streamarr.app-default) Scene will change interface orientation: portrait (1)
2026-10-07 03:50:29.333 Df Streamarr[21644:102ebde] [com.apple.UIKit:Orientation] <UIWindowScene: 0x10b0ce300> (09862E33-E39C-4518-90FF-C2208DF2D40E) Scene updated orientation preferences: ( Pu ) -> ( Lr )
2026-10-07 03:50:29.430 Df Streamarr[21644:102ebde] [com.apple.UIKit:Orientation] <UIWindowScene: 0x10b0ce300> (09862E33-E39C-4518-90FF-C2208DF2D40E) Scene will change interface orientation: portrait (1)
2026-10-07 03:50:30.796 E  Streamarr[21644:102ebde] [com.apple.UIKit:Orientation] BUG IN CLIENT OF UIKIT: Setting UIDevice.orientation is not supported. Please use UIWindowScene.requestGeometryUpdate(_:)
2026-10-07 03:50:30.808 Df Streamarr[21644:102ebde] [com.apple.UIKit:Orientation] <_UIKeyboardInputScene: 0x1047a8780> (KeyboardInputScene-com.apple.frontboard.systemappservices/FBSceneManager:sceneID%3Adev.streamarr.app-default) Scene will change interface orientation: landscapeRight (3)
2026-10-07 03:50:30.848 Df Streamarr[21644:102ebde] [com.apple.UIKit:Orientation] <UIWindowScene: 0x10b0ce300> (09862E33-E39C-4518-90FF-C2208DF2D40E) Scene will change interface orientation: landscapeRight (3)
2026-10-07 03:50:30.952 Df Streamarr[21644:102ebde] [com.apple.UIKit:Orientation] <UIWindowScene: 0x10b0ce300> (09862E33-E39C-4518-90FF-C2208DF2D40E) Scene updated orientation preferences: ( Lr ) -> ( Pu Ll Lr )
2026-10-07 03:50:30.972 Df Streamarr[21644:102ebde] [com.apple.UIKit:Orientation] <UIWindowScene: 0x10b0ce300> (09862E33-E39C-4518-90FF-C2208DF2D40E) Scene updated orientation preferences: ( Pu Ll Lr ) -> ( Lr )
2026-10-07 03:50:31.880 Df Streamarr[21644:102ebde] [com.apple.UIKit:Orientation] <UIWindowScene: 0x10b0ce300> (09862E33-E39C-4518-90FF-C2208DF2D40E) Scene updated orientation preferences: ( Lr ) -> ( Pu Ll Lr )
2026-10-07 03:50:41.720 Df Streamarr[21644:102ebde] [com.apple.UIKit:Orientation] <UIWindowScene: 0x10b0ce300> (09862E33-E39C-4518-90FF-C2208DF2D40E) Scene updated orientation preferences: ( Pu Ll Lr ) -> ( Ll Lr )
2026-10-07 03:50:41.728 E  Streamarr[21644:102ebde] [com.apple.UIKit:Orientation] BUG IN CLIENT OF UIKIT: Setting UIDevice.orientation is not supported. Please use UIWindowScene.requestGeometryUpdate(_:)
2026-10-07 03:50:41.778 Df Streamarr[21644:102ebde] [com.apple.UIKit:Orientation] <UIWindowScene: 0x10b0ce300> (09862E33-E39C-4518-90FF-C2208DF2D40E) Scene updated orientation preferences: ( Ll Lr ) -> ( Lr )
2026-10-07 03:50:42.923 Df Streamarr[21644:102ebde] [com.apple.UIKit:Orientation] <UIWindowScene: 0x10b0ce300> (09862E33-E39C-4518-90FF-C2208DF2D40E) Scene updated orientation preferences: ( Lr ) -> ( Ll Lr )
2026-10-07 03:51:03.797 Df Streamarr[21644:102ebde] [com.apple.UIKit:Orientation] <UIWindowScene: 0x10b0ce300> (09862E33-E39C-4518-90FF-C2208DF2D40E) Scene updated orientation preferences: ( Ll Lr ) -> ( Pu )
2026-10-07 03:51:03.822 E  Streamarr[21644:102ebde] [com.apple.UIKit:Orientation] BUG IN CLIENT OF UIKIT: Setting UIDevice.orientation is not supported. Please use UIWindowScene.requestGeometryUpdate(_:)
2026-10-07 03:51:04.032 Df Streamarr[21644:102ebde] [com.apple.UIKit:Orientation] <UIWindowScene: 0x10b0ce300> (09862E33-E39C-4518-90FF-C2208DF2D40E) Scene updated orientation preferences: ( Pu ) -> ( Lr )
2026-10-07 03:51:07.246 Df Streamarr[21644:102ebde] [com.apple.UIKit:Orientation] <UIWindowScene: 0x10b0ce300> (09862E33-E39C-4518-90FF-C2208DF2D40E) Scene will change interface orientation: portrait (1)
2026-10-07 03:51:07.357 E  Streamarr[21644:102ebde] [com.apple.UIKit:Orientation] BUG IN CLIENT OF UIKIT: Setting UIDevice.orientation is not supported. Please use UIWindowScene.requestGeometryUpdate(_:)
2026-10-07 03:51:07.394 Df Streamarr[21644:102ebde] [com.apple.UIKit:Orientation] <UIWindowScene: 0x10b0ce300> (09862E33-E39C-4518-90FF-C2208DF2D40E) Scene updated orientation preferences: ( Lr ) -> ( Pu Ll Lr )
2026-10-07 03:51:07.700 Df Streamarr[21644:102ebde] [com.apple.UIKit:Orientation] <UIWindowScene: 0x10b0ce300> (09862E33-E39C-4518-90FF-C2208DF2D40E) Scene will change interface orientation: landscapeRight (3)
