Timestamp               Ty Process[PID:TID]
2026-10-07 04:07:43.861 Df Streamarr[56486:105776f] [com.apple.UIKit:Orientation] <UIWindowScene: 0x10a508280> (09862E33-E39C-4518-90FF-C2208DF2D40E) Scene updated orientation preferences: none -> ( Pu Ll Lr Pd )
2026-10-07 04:07:47.622 Df Streamarr[56486:105776f] [com.apple.UIKit:Orientation] <UIWindowScene: 0x10a508280> (09862E33-E39C-4518-90FF-C2208DF2D40E) Scene updated orientation preferences: ( Pu Ll Lr Pd ) -> ( Pu Ll Lr )
2026-10-07 04:07:55.217 E  Streamarr[56486:105776f] [com.apple.UIKit:Orientation] BUG IN CLIENT OF UIKIT: Setting UIDevice.orientation is not supported. Please use UIWindowScene.requestGeometryUpdate(_:)
2026-10-07 04:08:23.329 Df Streamarr[56486:105776f] [com.apple.UIKit:Orientation] <UIWindowScene: 0x10a508280> (09862E33-E39C-4518-90FF-C2208DF2D40E) Scene updated orientation preferences: ( Pu Ll Lr ) -> ( Ll Lr )
2026-10-07 04:08:23.341 E  Streamarr[56486:105776f] [com.apple.UIKit:Orientation] BUG IN CLIENT OF UIKIT: Setting UIDevice.orientation is not supported. Please use UIWindowScene.requestGeometryUpdate(_:)
2026-10-07 04:08:23.346 Df Streamarr[56486:105776f] [com.apple.UIKit:Orientation] <UIWindowScene: 0x10a508280> (09862E33-E39C-4518-90FF-C2208DF2D40E) Scene updated orientation preferences: ( Ll Lr ) -> ( Pu )
2026-10-07 04:08:23.822 Df Streamarr[56486:105776f] [com.apple.UIKit:Orientation] <UIWindowScene: 0x10a508280> (09862E33-E39C-4518-90FF-C2208DF2D40E) Scene will change interface orientation: landscapeRight (3)
2026-10-07 04:08:24.460 Df Streamarr[56486:105776f] [com.apple.UIKit:Orientation] <UIWindowScene: 0x10a508280> (09862E33-E39C-4518-90FF-C2208DF2D40E) Scene will change interface orientation: portrait (1)
2026-10-07 04:08:24.604 Df Streamarr[56486:105776f] [com.apple.UIKit:Orientation] <UIWindowScene: 0x10a508280> (09862E33-E39C-4518-90FF-C2208DF2D40E) Scene updated orientation preferences: ( Pu ) -> ( Ll Lr )
2026-10-07 04:08:24.625 Df Streamarr[56486:105776f] [com.apple.UIKit:Orientation] <_UIKeyboardInputScene: 0x11890d180> (KeyboardInputScene-com.apple.frontboard.systemappservices/FBSceneManager:sceneID%3Adev.streamarr.app-default) Scene will change interface orientation: landscapeRight (3)
2026-10-07 04:08:25.381 Df Streamarr[56486:105776f] [com.apple.UIKit:Orientation] <UIWindowScene: 0x10a508280> (09862E33-E39C-4518-90FF-C2208DF2D40E) Scene will change interface orientation: landscapeRight (3)
2026-10-07 04:08:44.658 Df Streamarr[56486:105776f] [com.apple.UIKit:Orientation] <UIWindowScene: 0x10a508280> (09862E33-E39C-4518-90FF-C2208DF2D40E) Scene updated orientation preferences: ( Ll Lr ) -> ( Pu )
2026-10-07 04:08:44.669 E  Streamarr[56486:105776f] [com.apple.UIKit:Orientation] BUG IN CLIENT OF UIKIT: Setting UIDevice.orientation is not supported. Please use UIWindowScene.requestGeometryUpdate(_:)
2026-10-07 04:08:45.366 Df Streamarr[56486:105776f] [com.apple.UIKit:Orientation] <UIWindowScene: 0x10a508280> (09862E33-E39C-4518-90FF-C2208DF2D40E) Scene will change interface orientation: portrait (1)
2026-10-07 04:08:46.217 Df Streamarr[56486:105776f] [com.apple.UIKit:Orientation] <_UIKeyboardInputScene: 0x11890d180> (KeyboardInputScene-com.apple.frontboard.systemappservices/FBSceneManager:sceneID%3Adev.streamarr.app-default) Scene will change interface orientation: portrait (1)
2026-10-07 04:08:46.222 E  Streamarr[56486:105776f] [com.apple.UIKit:Orientation] BUG IN CLIENT OF UIKIT: Setting UIDevice.orientation is not supported. Please use UIWindowScene.requestGeometryUpdate(_:)
2026-10-07 04:08:46.730 Df Streamarr[56486:105776f] [com.apple.UIKit:Orientation] <UIWindowScene: 0x10a508280> (09862E33-E39C-4518-90FF-C2208DF2D40E) Scene updated orientation preferences: ( Pu ) -> ( Pu Ll Lr )
2026-10-07 04:09:00.043 Df Streamarr[56486:105776f] [com.apple.UIKit:Orientation] <UIWindowScene: 0x10a508280> (09862E33-E39C-4518-90FF-C2208DF2D40E) Scene updated orientation preferences: ( Pu Ll Lr ) -> ( Ll Lr )
2026-10-07 04:09:00.043 E  Streamarr[56486:105776f] [com.apple.UIKit:Orientation] BUG IN CLIENT OF UIKIT: Setting UIDevice.orientation is not supported. Please use UIWindowScene.requestGeometryUpdate(_:)
2026-10-07 04:09:00.069 Df Streamarr[56486:105776f] [com.apple.UIKit:Orientation] <UIWindowScene: 0x10a508280> (09862E33-E39C-4518-90FF-C2208DF2D40E) Scene updated orientation preferences: ( Ll Lr ) -> ( Pu )
2026-10-07 04:09:00.287 Df Streamarr[56486:105776f] [com.apple.UIKit:Orientation] <UIWindowScene: 0x10a508280> (09862E33-E39C-4518-90FF-C2208DF2D40E) Scene will change interface orientation: landscapeRight (3)
2026-10-07 04:09:00.732 Df Streamarr[56486:105776f] [com.apple.UIKit:Orientation] <UIWindowScene: 0x10a508280> (09862E33-E39C-4518-90FF-C2208DF2D40E) Scene will change interface orientation: portrait (1)
2026-10-07 04:09:00.900 Df Streamarr[56486:105776f] [com.apple.UIKit:Orientation] <UIWindowScene: 0x10a508280> (09862E33-E39C-4518-90FF-C2208DF2D40E) Scene updated orientation preferences: ( Pu ) -> ( Ll Lr )
2026-10-07 04:09:00.941 Df Streamarr[56486:105776f] [com.apple.UIKit:Orientation] <_UIKeyboardInputScene: 0x11890d180> (KeyboardInputScene-com.apple.frontboard.systemappservices/FBSceneManager:sceneID%3Adev.streamarr.app-default) Scene will change interface orientation: landscapeRight (3)
2026-10-07 04:09:01.141 Df Streamarr[56486:105776f] [com.apple.UIKit:Orientation] <UIWindowScene: 0x10a508280> (09862E33-E39C-4518-90FF-C2208DF2D40E) Scene will change interface orientation: landscapeRight (3)
2026-10-07 04:09:31.532 Df Streamarr[56486:105776f] [com.apple.UIKit:Orientation] <UIWindowScene: 0x10a508280> (09862E33-E39C-4518-90FF-C2208DF2D40E) Scene updated orientation preferences: ( Ll Lr ) -> ( Pu )
2026-10-07 04:09:31.532 E  Streamarr[56486:105776f] [com.apple.UIKit:Orientation] BUG IN CLIENT OF UIKIT: Setting UIDevice.orientation is not supported. Please use UIWindowScene.requestGeometryUpdate(_:)
2026-10-07 04:09:31.572 Df Streamarr[56486:105776f] [com.apple.UIKit:Orientation] <UIWindowScene: 0x10a508280> (09862E33-E39C-4518-90FF-C2208DF2D40E) Scene updated orientation preferences: ( Pu ) -> ( Lr )
2026-10-07 04:09:31.584 Df Streamarr[56486:105776f] [com.apple.UIKit:Orientation] <UIWindowScene: 0x10a508280> (09862E33-E39C-4518-90FF-C2208DF2D40E) Scene will change interface orientation: portrait (1)
2026-10-07 04:09:31.589 Df Streamarr[56486:105776f] [com.apple.UIKit:Orientation] <_UIKeyboardInputScene: 0x11890d180> (KeyboardInputScene-com.apple.frontboard.systemappservices/FBSceneManager:sceneID%3Adev.streamarr.app-default) Scene will change interface orientation: portrait (1)
2026-10-07 04:09:31.698 Df Streamarr[56486:105776f] [com.apple.UIKit:Orientation] <_UIKeyboardInputScene: 0x11890d180> (KeyboardInputScene-com.apple.frontboard.systemappservices/FBSceneManager:sceneID%3Adev.streamarr.app-default) Scene will change interface orientation: landscapeRight (3)
2026-10-07 04:09:31.978 Df Streamarr[56486:105776f] [com.apple.UIKit:Orientation] <UIWindowScene: 0x10a508280> (09862E33-E39C-4518-90FF-C2208DF2D40E) Scene will change interface orientation: landscapeRight (3)
2026-10-07 04:09:32.044 E  Streamarr[56486:105776f] [com.apple.UIKit:Orientation] BUG IN CLIENT OF UIKIT: Setting UIDevice.orientation is not supported. Please use UIWindowScene.requestGeometryUpdate(_:)
2026-10-07 04:09:32.197 Df Streamarr[56486:105776f] [com.apple.UIKit:Orientation] <UIWindowScene: 0x10a508280> (09862E33-E39C-4518-90FF-C2208DF2D40E) Scene updated orientation preferences: ( Lr ) -> ( Pu Ll Lr )
